###############################################################################
#
# IAR ELF Linker V8.30.1.114/W32 for ARM                  06/Oct/2019  21:43:43
# Copyright 2007-2018 IAR Systems AB.
#
#    Output file  =  E:\ROBOCON------VALLUE\POS\EWARM\POS\Exe\POS.out
#    Map file     =  E:\ROBOCON------VALLUE\POS\EWARM\POS\List\POS.map
#    Command line =  
#        -f C:\Users\DELL\AppData\Local\Temp\EWB64F.tmp
#        (E:\ROBOCON------VALLUE\POS\EWARM\POS\Obj\calculate.o
#        E:\ROBOCON------VALLUE\POS\EWARM\POS\Obj\can.o
#        E:\ROBOCON------VALLUE\POS\EWARM\POS\Obj\can_func.o
#        E:\ROBOCON------VALLUE\POS\EWARM\POS\Obj\cmd.o
#        E:\ROBOCON------VALLUE\POS\EWARM\POS\Obj\cmd_func.o
#        E:\ROBOCON------VALLUE\POS\EWARM\POS\Obj\encoder.o
#        E:\ROBOCON------VALLUE\POS\EWARM\POS\Obj\filter.o
#        E:\ROBOCON------VALLUE\POS\EWARM\POS\Obj\flash.o
#        E:\ROBOCON------VALLUE\POS\EWARM\POS\Obj\gpio.o
#        E:\ROBOCON------VALLUE\POS\EWARM\POS\Obj\main.o
#        E:\ROBOCON------VALLUE\POS\EWARM\POS\Obj\startup_stm32f405xx.o
#        E:\ROBOCON------VALLUE\POS\EWARM\POS\Obj\stm32f4xx_hal.o
#        E:\ROBOCON------VALLUE\POS\EWARM\POS\Obj\stm32f4xx_hal_can.o
#        E:\ROBOCON------VALLUE\POS\EWARM\POS\Obj\stm32f4xx_hal_cortex.o
#        E:\ROBOCON------VALLUE\POS\EWARM\POS\Obj\stm32f4xx_hal_dma.o
#        E:\ROBOCON------VALLUE\POS\EWARM\POS\Obj\stm32f4xx_hal_dma_ex.o
#        E:\ROBOCON------VALLUE\POS\EWARM\POS\Obj\stm32f4xx_hal_flash.o
#        E:\ROBOCON------VALLUE\POS\EWARM\POS\Obj\stm32f4xx_hal_flash_ex.o
#        E:\ROBOCON------VALLUE\POS\EWARM\POS\Obj\stm32f4xx_hal_flash_ramfunc.o
#        E:\ROBOCON------VALLUE\POS\EWARM\POS\Obj\stm32f4xx_hal_gpio.o
#        E:\ROBOCON------VALLUE\POS\EWARM\POS\Obj\stm32f4xx_hal_msp.o
#        E:\ROBOCON------VALLUE\POS\EWARM\POS\Obj\stm32f4xx_hal_pwr.o
#        E:\ROBOCON------VALLUE\POS\EWARM\POS\Obj\stm32f4xx_hal_pwr_ex.o
#        E:\ROBOCON------VALLUE\POS\EWARM\POS\Obj\stm32f4xx_hal_rcc.o
#        E:\ROBOCON------VALLUE\POS\EWARM\POS\Obj\stm32f4xx_hal_rcc_ex.o
#        E:\ROBOCON------VALLUE\POS\EWARM\POS\Obj\stm32f4xx_hal_tim.o
#        E:\ROBOCON------VALLUE\POS\EWARM\POS\Obj\stm32f4xx_hal_tim_ex.o
#        E:\ROBOCON------VALLUE\POS\EWARM\POS\Obj\stm32f4xx_hal_uart.o
#        E:\ROBOCON------VALLUE\POS\EWARM\POS\Obj\stm32f4xx_it.o
#        E:\ROBOCON------VALLUE\POS\EWARM\POS\Obj\system_stm32f4xx.o
#        E:\ROBOCON------VALLUE\POS\EWARM\POS\Obj\tim.o
#        E:\ROBOCON------VALLUE\POS\EWARM\POS\Obj\usart.o
#        E:\ROBOCON------VALLUE\POS\EWARM\POS\Obj\vega.o --redirect
#        _Printf=_PrintfFull --redirect _Scanf=_ScanfFull --no_out_extension -o
#        E:\ROBOCON------VALLUE\POS\EWARM\POS\Exe\POS.out --map
#        E:\ROBOCON------VALLUE\POS\EWARM\POS\List\POS.map --config
#        E:\ROBOCON------VALLUE\POS\EWARM/stm32f405xx_flash.icf --semihosting
#        --entry __iar_program_start --vfe --text_out locale)
#
###############################################################################

*******************************************************************************
*** RUNTIME MODEL ATTRIBUTES
***

CppFlavor       = *
__Heap_Handler  = NoFree
__SystemLibrary = DLib
__dlib_version  = 6


*******************************************************************************
*** HEAP SELECTION
***

The no free heap was selected because no calls to memory
deallocation functions were found in the application.


*******************************************************************************
*** PLACEMENT SUMMARY
***

"A0":  place at 0x800'0000 { ro section .intvec };
"P1":  place in [from 0x800'0000 to 0x80f'ffff] { ro };
define block CSTACK with size = 1K, alignment = 8 { };
define block HEAP with size = 512, alignment = 8 { };
"P2":  place in [from 0x2000'0000 to 0x2001'ffff] {
          rw, block CSTACK, block HEAP };
initialize by copy { rw };

  Section            Kind         Address    Size  Object
  -------            ----         -------    ----  ------
"A0":                                       0x188
  .intvec            ro code   0x800'0000   0x188  startup_stm32f405xx.o [1]
                             - 0x800'0188   0x188

"P1":                                      0x643a
  .text              ro code   0x800'0188   0xf7a  xprintffull.o [2]
  .text              ro code   0x800'1102    0x7a  lz77_init_single.o [4]
  .text              ro code   0x800'117c    0xb4  xlocale_c.o [2]
  .text              ro code   0x800'1230    0x16  strchr.o [4]
  .text              ro code   0x800'1246    0x3a  zero_init3.o [4]
  .text              ro code   0x800'1280    0x40  xfail_s.o [2]
  .text              ro code   0x800'12c0    0x36  strlen.o [4]
  .text              ro code   0x800'12f6    0x1e  xencoding_8859_1.o [2]
  .text              ro code   0x800'1314    0x58  memchr.o [4]
  .text              ro code   0x800'136c     0xa  xmbcurmax.o [2]
  .text              ro code   0x800'1376    0x1a  xsnprout.o [2]
  .text              ro code   0x800'1390    0xa6  ABImemcpy.o [4]
  .text              ro code   0x800'1438   0x230  I64DivMod.o [4]
  .text              ro code   0x800'1668   0x1a2  DblMul.o [3]
  .text              ro code   0x800'180c    0x70  frexp.o [3]
  .text              ro code   0x800'187c    0x2e  DblCmpLe.o [3]
  .text              ro code   0x800'18ac    0x2e  DblCmpGe.o [3]
  .text              ro code   0x800'18dc   0x13a  ldexp.o [3]
  .text              ro code   0x800'1a18    0x3a  DblToS32.o [3]
  .text              ro code   0x800'1a54    0x22  S32ToDbl.o [3]
  .text              ro code   0x800'1a78    0xe2  DblSub.o [3]
  .text              ro code   0x800'1b5c   0x246  DblDiv.o [3]
  .text              ro code   0x800'1da4    0x28  DblToU32.o [3]
  .text              ro code   0x800'1dcc    0x1a  U32ToDbl.o [3]
  .text              ro code   0x800'1de6     0x6  abort.o [2]
  .text              ro code   0x800'1dec     0x2  I64DivZer.o [4]
  .text              ro code   0x800'1df0   0x17a  DblAdd.o [3]
  .text              ro code   0x800'1f6c    0x14  exit.o [5]
  .text              ro code   0x800'1f80   0x7a6  stm32f4xx_hal_can.o [1]
  .text              ro code   0x800'2728   0x240  can.o [1]
  .text              ro code   0x800'2968     0xc  stm32f4xx_hal.o [1]
  .text              ro code   0x800'2974     0x2  stm32f4xx_hal_can.o [1]
  .text              ro code   0x800'2978   0x208  main.o [1]
  .text              ro code   0x800'2b80     0x6  ABImemclr4.o [4]
  .text              ro code   0x800'2b88   0x1d0  stm32f4xx_hal_gpio.o [1]
  .text              ro code   0x800'2d58    0xe0  stm32f4xx_hal_cortex.o [1]
  .text              ro code   0x800'2e38   0x2c0  usart.o [1]
  .text              ro code   0x800'30f8    0x24  ABIassert.o [5]
  .text              ro code   0x800'311c    0x34  stm32f4xx_hal.o [1]
  .text              ro code   0x800'3150    0x4c  gpio.o [1]
  .text              ro code   0x800'319c   0x1b4  tim.o [1]
  .text              ro code   0x800'3350    0x2c  encoder.o [1]
  .text              ro code   0x800'337c   0x13c  cmd.o [1]
  .text              ro code   0x800'34b8   0x1c4  flash.o [1]
  .text              ro code   0x800'367c   0x360  calculate.o [1]
  .text              ro code   0x800'39dc    0x48  FltToDbl.o [3]
  .text              ro code   0x800'3a24   0x2d8  stm32f4xx_hal_rcc.o [1]
  .text              ro code   0x800'3cfc   0x1ac  stm32f4xx_hal_rcc.o [1]
  .text              ro code   0x800'3ea8    0x32  ABImemset48.o [4]
  .text              ro code   0x800'3edc   0x56c  stm32f4xx_hal_uart.o [1]
  .text              ro code   0x800'4448    0x3c  vsnprint.o [2]
  .text              ro code   0x800'4484    0x28  stm32f4xx_hal.o [1]
  .text              ro code   0x800'44ac    0x60  stm32f4xx_hal_msp.o [1]
  .text              ro code   0x800'450c    0x4a  stm32f4xx_hal_tim_ex.o [1]
  .text              ro code   0x800'4558   0x1be  stm32f4xx_hal_tim.o [1]
  .text              ro code   0x800'4718    0x48  no_free_heap0.o [2]
  .text              ro code   0x800'4760    0x4a  strcmp.o [4]
  .text              ro code   0x800'47ac     0x6  ABImemclr.o [4]
  .text              ro code   0x800'47b4   0x1dc  stm32f4xx_hal_flash.o [1]
  .text              ro code   0x800'4990   0x15c  stm32f4xx_hal_flash_ex.o [1]
  .text              ro code   0x800'4aec    0x26  math_wrappers64.o [3]
  .text              ro code   0x800'4b14    0x68  DblToFlt.o [3]
  .text              ro code   0x800'4b7c    0x24  stm32f4xx_hal_dma.o [1]
  .text              ro code   0x800'4ba0     0x2  stm32f4xx_hal_uart.o [1]
  .text              ro code   0x800'4ba4    0x2c  xgetmemchunk.o [2]
  .text              ro code   0x800'4bd0    0x5e  ABImemset.o [4]
  .text              ro code   0x800'4c30   0x580  strto64.o [3]
  .text              ro code   0x800'51b0   0x44c  cos_sin64.o [3]
  .text              ro code   0x800'55fc   0x122  iar_Stopfx.o [2]
  .text              ro code   0x800'5720   0x1c4  iar_Stoflt.o [2]
  .text              ro code   0x800'58e4   0x21c  iar_Stoxflt.o [2]
  .text              ro code   0x800'5b00    0x14  isspace.o [2]
  .text              ro code   0x800'5b14    0x14  isalpha.o [2]
  .text              ro code   0x800'5b28   0x4a8  cmd_func.o [1]
  .text              ro code   0x800'5fd0   0x174  iar_Stoulx.o [2]
  .text              ro code   0x800'6144    0x14  tolower.o [2]
  .text              ro code   0x800'6158    0x78  can_func.o [1]
  .text              ro code   0x800'61d0    0x60  system_stm32f4xx.o [1]
  .text              ro code   0x800'6230    0x3c  stm32f4xx_it.o [1]
  .text              ro code   0x800'626c    0x10  stm32f4xx_hal.o [1]
  .text              ro code   0x800'627c    0x28  data_init.o [4]
  .text              ro code   0x800'62a4    0x22  fpinit_M.o [3]
  .iar.init_table    const     0x800'62c8    0x20  - Linker created -
  .text              ro code   0x800'62e8    0x1e  cmain.o [4]
  .text              ro code   0x800'6306     0x4  low_level_init.o [2]
  .text              ro code   0x800'630a     0x4  exit.o [2]
  .text              ro code   0x800'6310     0xa  cexit.o [4]
  .text              ro code   0x800'631c    0x10  startup_stm32f405xx.o [1]
  .text              ro code   0x800'632c     0xc  cstartup_M.o [4]
  .rodata            const     0x800'6338     0x8  system_stm32f4xx.o [1]
  .rodata            const     0x800'6340     0x6  xlocale_c.o [2]
  .text              ro code   0x800'6346     0x4  startup_stm32f405xx.o [1]
  .text              ro code   0x800'634a     0x4  startup_stm32f405xx.o [1]
  .text              ro code   0x800'634e     0x4  startup_stm32f405xx.o [1]
  .text              ro code   0x800'6352     0x4  startup_stm32f405xx.o [1]
  .text              ro code   0x800'6356     0x4  startup_stm32f405xx.o [1]
  .text              ro code   0x800'635a     0x4  startup_stm32f405xx.o [1]
  .text              ro code   0x800'635e     0x4  startup_stm32f405xx.o [1]
  .text              ro code   0x800'6362     0x4  startup_stm32f405xx.o [1]
  .text              ro code   0x800'6366     0x4  startup_stm32f405xx.o [1]
  .text              ro code   0x800'636a     0x4  startup_stm32f405xx.o [1]
  .text              ro code   0x800'636e     0x4  startup_stm32f405xx.o [1]
  .text              ro code   0x800'6372     0x4  startup_stm32f405xx.o [1]
  .text              ro code   0x800'6376     0x4  startup_stm32f405xx.o [1]
  .text              ro code   0x800'637a     0x4  startup_stm32f405xx.o [1]
  .text              ro code   0x800'637e     0x4  startup_stm32f405xx.o [1]
  .text              ro code   0x800'6382     0x4  startup_stm32f405xx.o [1]
  .text              ro code   0x800'6386     0x4  startup_stm32f405xx.o [1]
  .text              ro code   0x800'638a     0x4  startup_stm32f405xx.o [1]
  .text              ro code   0x800'638e     0x4  startup_stm32f405xx.o [1]
  .text              ro code   0x800'6392     0x4  startup_stm32f405xx.o [1]
  .text              ro code   0x800'6396     0x4  startup_stm32f405xx.o [1]
  .text              ro code   0x800'639a     0x4  startup_stm32f405xx.o [1]
  .text              ro code   0x800'639e     0x4  startup_stm32f405xx.o [1]
  .text              ro code   0x800'63a2     0x4  startup_stm32f405xx.o [1]
  .text              ro code   0x800'63a6     0x4  startup_stm32f405xx.o [1]
  .text              ro code   0x800'63aa     0x4  startup_stm32f405xx.o [1]
  .text              ro code   0x800'63ae     0x4  startup_stm32f405xx.o [1]
  .text              ro code   0x800'63b2     0x4  startup_stm32f405xx.o [1]
  .text              ro code   0x800'63b6     0x4  startup_stm32f405xx.o [1]
  .text              ro code   0x800'63ba     0x4  startup_stm32f405xx.o [1]
  .text              ro code   0x800'63be     0x4  startup_stm32f405xx.o [1]
  .text              ro code   0x800'63c2     0x4  startup_stm32f405xx.o [1]
  .text              ro code   0x800'63c6     0x4  startup_stm32f405xx.o [1]
  .text              ro code   0x800'63ca     0x4  startup_stm32f405xx.o [1]
  .text              ro code   0x800'63ce     0x4  startup_stm32f405xx.o [1]
  .text              ro code   0x800'63d2     0x4  startup_stm32f405xx.o [1]
  .text              ro code   0x800'63d6     0x4  startup_stm32f405xx.o [1]
  .text              ro code   0x800'63da     0x4  startup_stm32f405xx.o [1]
  .text              ro code   0x800'63de     0x4  startup_stm32f405xx.o [1]
  .text              ro code   0x800'63e2     0x4  startup_stm32f405xx.o [1]
  .text              ro code   0x800'63e6     0x4  startup_stm32f405xx.o [1]
  .text              ro code   0x800'63ea     0x4  startup_stm32f405xx.o [1]
  .text              ro code   0x800'63ee     0x4  startup_stm32f405xx.o [1]
  .text              ro code   0x800'63f2     0x4  startup_stm32f405xx.o [1]
  .text              ro code   0x800'63f6     0x4  startup_stm32f405xx.o [1]
  .text              ro code   0x800'63fa     0x4  startup_stm32f405xx.o [1]
  .text              ro code   0x800'63fe     0x4  startup_stm32f405xx.o [1]
  .text              ro code   0x800'6402     0x4  startup_stm32f405xx.o [1]
  .text              ro code   0x800'6406     0x4  startup_stm32f405xx.o [1]
  .text              ro code   0x800'640a     0x4  startup_stm32f405xx.o [1]
  .text              ro code   0x800'640e     0x4  startup_stm32f405xx.o [1]
  .text              ro code   0x800'6412     0x4  startup_stm32f405xx.o [1]
  .text              ro code   0x800'6416     0x4  startup_stm32f405xx.o [1]
  .text              ro code   0x800'641a     0x4  startup_stm32f405xx.o [1]
  .text              ro code   0x800'641e     0x4  startup_stm32f405xx.o [1]
  .text              ro code   0x800'6422     0x4  startup_stm32f405xx.o [1]
  .text              ro code   0x800'6426     0x4  startup_stm32f405xx.o [1]
  .text              ro code   0x800'642a     0x4  startup_stm32f405xx.o [1]
  .text              ro code   0x800'642e     0x4  startup_stm32f405xx.o [1]
  .text              ro code   0x800'6432     0x4  startup_stm32f405xx.o [1]
  .text              ro code   0x800'6436     0x4  startup_stm32f405xx.o [1]
  .text              ro code   0x800'643a     0x4  startup_stm32f405xx.o [1]
  .text              ro code   0x800'643e     0x4  startup_stm32f405xx.o [1]
  .text              ro code   0x800'6442     0x4  startup_stm32f405xx.o [1]
  .text              ro code   0x800'6446     0x4  startup_stm32f405xx.o [1]
  .text              ro code   0x800'644a     0x4  startup_stm32f405xx.o [1]
  .text              ro code   0x800'644e     0x4  startup_stm32f405xx.o [1]
  .text              ro code   0x800'6452     0x4  startup_stm32f405xx.o [1]
  .text              ro code   0x800'6456     0x4  startup_stm32f405xx.o [1]
  .text              ro code   0x800'645a     0x4  startup_stm32f405xx.o [1]
  .text              ro code   0x800'645e     0x4  startup_stm32f405xx.o [1]
  .text              ro code   0x800'6462     0x4  startup_stm32f405xx.o [1]
  .text              ro code   0x800'6466     0x4  startup_stm32f405xx.o [1]
  .rodata            const     0x800'646a     0x0  zero_init3.o [4]
  .rodata            const     0x800'646a     0x0  lz77_init_single.o [4]
  Initializer bytes  const     0x800'646a   0x158  <for P2-1>
                             - 0x800'65c2  0x643a

"P2", part 1 of 3:                          0x570
  P2-1                        0x2000'0000   0x570  <Init block>
    .data            inited   0x2000'0000     0x8  calculate.o [1]
    .data            inited   0x2000'0008   0x3f0  cmd.o [1]
    .data            inited   0x2000'03f8    0x30  main.o [1]
    .data            inited   0x2000'0428     0x4  system_stm32f4xx.o [1]
    .data            inited   0x2000'042c    0xc4  usart.o [1]
    .data            inited   0x2000'04f0    0x38  xlocale_c.o [2]
    .data            inited   0x2000'0528    0x48  xlocale_c.o [2]
                            - 0x2000'0570   0x570

"P2", part 2 of 3:                          0x484
  .bss               zero     0x2000'0570   0x190  can.o [1]
  .bss               zero     0x2000'0700    0xc8  usart.o [1]
  .bss               zero     0x2000'07c8    0xac  can.o [1]
  .bss               zero     0x2000'0874    0x48  flash.o [1]
  .bss               zero     0x2000'08bc    0x3c  tim.o [1]
  .bss               zero     0x2000'08f8    0x3c  tim.o [1]
  .bss               zero     0x2000'0934    0x3c  tim.o [1]
  .bss               zero     0x2000'0970    0x30  cmd.o [1]
  .bss               zero     0x2000'09a0    0x20  stm32f4xx_hal_flash.o [1]
  .bss               zero     0x2000'09c0     0xc  can_func.o [1]
  .bss               zero     0x2000'09cc     0x8  calculate.o [1]
  .bss               zero     0x2000'09d4     0x8  can.o [1]
  .bss               zero     0x2000'09dc     0x4  can.o [1]
  .bss               zero     0x2000'09e0     0x4  main.o [1]
  .bss               zero     0x2000'09e4     0x4  stm32f4xx_hal.o [1]
  .bss               zero     0x2000'09e8     0x4  xfail_s.o [2]
  .bss               zero     0x2000'09ec     0x4  no_free_heap0.o [2]
  .bss               zero     0x2000'09f0     0x4  xgetmemchunk.o [2]
                            - 0x2000'09f4   0x484

"P2", part 3 of 3:                          0x600
  CSTACK                      0x2000'09f8   0x400  <Block>
    CSTACK           uninit   0x2000'09f8   0x400  <Block tail>
  HEAP                        0x2000'0df8   0x200  <Block>
    HEAP             uninit   0x2000'0df8   0x200  <Block tail>
                            - 0x2000'0ff8   0x600

Unused ranges:

         From           To      Size
         ----           --      ----
   0x800'65c2   0x80f'ffff  0xf'9a3e
  0x2000'09f4  0x2000'09f7       0x4
  0x2000'0ff8  0x2001'ffff  0x1'f008


*******************************************************************************
*** INIT TABLE
***

          Address      Size
          -------      ----
Zero (__iar_zero_init3)
    1 destination range, total size 0x484:
          0x2000'0570  0x484

Copy/lz77 (__iar_lz77_init_single3)
    1 source range, total size 0x158 (24% of destination):
           0x800'646a  0x158
    1 destination range, total size 0x570:
          0x2000'0000  0x570



*******************************************************************************
*** MODULE SUMMARY
***

    Module                    ro code  ro data  rw data
    ------                    -------  -------  -------
command line/config:
    ---------------------------------------------------
    Total:

E:\ROBOCON------VALLUE\POS\EWARM\POS\Obj: [1]
    calculate.o                   864        1       16
    can.o                         576               584
    can_func.o                    120                12
    cmd.o                         316      250    1 056
    cmd_func.o                  1 192
    encoder.o                      44
    flash.o                       452                72
    gpio.o                         76
    main.o                        520       11       52
    startup_stm32f405xx.o         700
    stm32f4xx_hal.o               120                 4
    stm32f4xx_hal_can.o         1 960
    stm32f4xx_hal_cortex.o        224
    stm32f4xx_hal_dma.o            36
    stm32f4xx_hal_flash.o         476                32
    stm32f4xx_hal_flash_ex.o      348
    stm32f4xx_hal_gpio.o          464
    stm32f4xx_hal_msp.o            96
    stm32f4xx_hal_rcc.o         1 156
    stm32f4xx_hal_tim.o           446
    stm32f4xx_hal_tim_ex.o         74
    stm32f4xx_hal_uart.o        1 390
    stm32f4xx_it.o                 60
    system_stm32f4xx.o             96        9        4
    tim.o                         436               180
    usart.o                       704       49      396
    ---------------------------------------------------
    Total:                     12 946      320    2 408

dl7M_tlf.a: [2]
    abort.o                         6
    exit.o                          4
    iar_Stoflt.o                  452
    iar_Stopfx.o                  290
    iar_Stoulx.o                  372
    iar_Stoxflt.o                 540
    isalpha.o                      20
    isspace.o                      20
    low_level_init.o                4
    no_free_heap0.o                72                 4
    tolower.o                      20
    vsnprint.o                     60
    xencoding_8859_1.o             30
    xfail_s.o                      64                 4
    xgetmemchunk.o                 44                 4
    xlocale_c.o                   180       38      128
    xmbcurmax.o                    10
    xprintffull.o               3 962
    xsnprout.o                     26
    ---------------------------------------------------
    Total:                      6 176       38      140

m7M_tls.a: [3]
    DblAdd.o                      378
    DblCmpGe.o                     46
    DblCmpLe.o                     46
    DblDiv.o                      582
    DblMul.o                      418
    DblSub.o                      226
    DblToFlt.o                    104
    DblToS32.o                     58
    DblToU32.o                     40
    FltToDbl.o                     72
    S32ToDbl.o                     34
    U32ToDbl.o                     26
    cos_sin64.o                 1 100
    fpinit_M.o                     34
    frexp.o                       112
    ldexp.o                       314
    math_wrappers64.o              38
    strto64.o                   1 408
    ---------------------------------------------------
    Total:                      5 036

rt7M_tl.a: [4]
    ABImemclr.o                     6
    ABImemclr4.o                    6
    ABImemcpy.o                   166
    ABImemset.o                    94
    ABImemset48.o                  50
    I64DivMod.o                   560
    I64DivZer.o                     2
    cexit.o                        10
    cmain.o                        30
    cstartup_M.o                   12
    data_init.o                    40
    lz77_init_single.o            122
    memchr.o                       88
    strchr.o                       22
    strcmp.o                       74
    strlen.o                       54
    zero_init3.o                   58
    ---------------------------------------------------
    Total:                      1 394

shb_l.a: [5]
    ABIassert.o                    36
    exit.o                         20
    ---------------------------------------------------
    Total:                         56

    Gaps                           50        2
    Linker created                          32    1 536
-------------------------------------------------------
    Grand Total:               25 658      392    4 084


*******************************************************************************
*** ENTRY LIST
***

Entry                       Address   Size  Type      Object
-----                       -------   ----  ----      ------
.iar.init_table$$Base    0x800'62c8          --   Gb  - Linker created -
.iar.init_table$$Limit   0x800'62e8          --   Gb  - Linker created -
?main                    0x800'62e9         Code  Gb  cmain.o [4]
AHBPrescTable            0x800'6220   0x10  Data  Gb  system_stm32f4xx.o [1]
APBPrescTable            0x800'6338    0x8  Data  Gb  system_stm32f4xx.o [1]
BusFault_Handler         0x800'6237    0x2  Code  Gb  stm32f4xx_it.o [1]
CAN1_RX0_IRQHandler      0x800'6251    0x2  Code  Gb  stm32f4xx_it.o [1]
CAN1_RX1_IRQHandler      0x800'6259    0x2  Code  Gb  stm32f4xx_it.o [1]
CAN1_SCE_IRQHandler      0x800'625b    0x2  Code  Gb  stm32f4xx_it.o [1]
CAN1_TX_IRQHandler       0x800'624f    0x2  Code  Gb  stm32f4xx_it.o [1]
CAN_LIST_MATCH           0x800'2881   0x2c  Code  Gb  can.o [1]
CAN_Receive_IT           0x800'25f5  0x11e  Code  Lc  stm32f4xx_hal_can.o [1]
CSTACK$$Base            0x2000'09f8          --   Gb  - Linker created -
CSTACK$$Limit           0x2000'0df8          --   Gb  - Linker created -
CacheMore                0x800'11bd   0x24  Code  Lc  xlocale_c.o [2]
Configure_Filter         0x800'27df   0x26  Code  Gb  can.o [1]
DebugMon_Handler         0x800'623d    0x2  Code  Gb  stm32f4xx_it.o [1]
Dtentox                  0x800'4dd5  0x192  Code  Lc  strto64.o [3]
FLASH_Erase_Sector       0x800'4a43   0x4c  Code  Gb  stm32f4xx_hal_flash_ex.o [1]
FLASH_FlushCaches        0x800'4a8f   0x50  Code  Gb  stm32f4xx_hal_flash_ex.o [1]
FLASH_MassErase          0x800'4a23   0x20  Code  Lc  stm32f4xx_hal_flash_ex.o [1]
FLASH_Program_Byte       0x800'4901   0x14  Code  Lc  stm32f4xx_hal_flash.o [1]
FLASH_Program_DoubleWord
                         0x800'489f   0x24  Code  Lc  stm32f4xx_hal_flash.o [1]
FLASH_Program_HalfWord   0x800'48d5   0x12  Code  Lc  stm32f4xx_hal_flash.o [1]
FLASH_Program_Word       0x800'48c3   0x12  Code  Lc  stm32f4xx_hal_flash.o [1]
FLASH_SetErrorCode       0x800'4915   0x60  Code  Lc  stm32f4xx_hal_flash.o [1]
FLASH_WaitForLastOperation
                         0x800'4853   0x4c  Code  Gb  stm32f4xx_hal_flash.o [1]
HAL_CAN_ConfigFilter     0x800'209f   0xb2  Code  Gb  stm32f4xx_hal_can.o [1]
HAL_CAN_ErrorCallback    0x800'28c7    0xc  Code  Gb  can.o [1]
HAL_CAN_IRQHandler       0x800'23e3  0x1f6  Code  Gb  stm32f4xx_hal_can.o [1]
HAL_CAN_Init             0x800'1f81  0x116  Code  Gb  stm32f4xx_hal_can.o [1]
HAL_CAN_MspInit          0x800'2769   0x76  Code  Gb  can.o [1]
HAL_CAN_Receive          0x800'2163  0x1ac  Code  Gb  stm32f4xx_hal_can.o [1]
HAL_CAN_Receive_IT       0x800'2323   0xb6  Code  Gb  stm32f4xx_hal_can.o [1]
HAL_CAN_RxCpltCallback   0x800'28ad   0x1a  Code  Gb  can.o [1]
HAL_DMA_Abort_IT         0x800'4b7d   0x24  Code  Gb  stm32f4xx_hal_dma.o [1]
HAL_FLASHEx_Erase        0x800'4991   0x92  Code  Gb  stm32f4xx_hal_flash_ex.o [1]
HAL_FLASH_Lock           0x800'4843    0xa  Code  Gb  stm32f4xx_hal_flash.o [1]
HAL_FLASH_Program        0x800'47b5   0x6e  Code  Gb  stm32f4xx_hal_flash.o [1]
HAL_FLASH_Unlock         0x800'4823   0x20  Code  Gb  stm32f4xx_hal_flash.o [1]
HAL_GPIO_Init            0x800'2b89  0x1a4  Code  Gb  stm32f4xx_hal_gpio.o [1]
HAL_GetTick              0x800'2969    0xc  Code  Wk  stm32f4xx_hal.o [1]
HAL_IncTick              0x800'626d   0x10  Code  Wk  stm32f4xx_hal.o [1]
HAL_Init                 0x800'311d   0x30  Code  Gb  stm32f4xx_hal.o [1]
HAL_InitTick             0x800'4485   0x28  Code  Wk  stm32f4xx_hal.o [1]
HAL_MspInit              0x800'44ad   0x60  Code  Gb  stm32f4xx_hal_msp.o [1]
HAL_NVIC_EnableIRQ       0x800'2dc7    0xa  Code  Gb  stm32f4xx_hal_cortex.o [1]
HAL_NVIC_SetPriority     0x800'2d8d   0x3a  Code  Gb  stm32f4xx_hal_cortex.o [1]
HAL_NVIC_SetPriorityGrouping
                         0x800'2d73   0x1a  Code  Gb  stm32f4xx_hal_cortex.o [1]
HAL_RCC_ClockConfig      0x800'3cfd   0xfe  Code  Gb  stm32f4xx_hal_rcc.o [1]
HAL_RCC_GetHCLKFreq      0x800'3e07    0x6  Code  Gb  stm32f4xx_hal_rcc.o [1]
HAL_RCC_GetPCLK1Freq     0x800'3e0d   0x10  Code  Gb  stm32f4xx_hal_rcc.o [1]
HAL_RCC_GetPCLK2Freq     0x800'3e1d    0xe  Code  Gb  stm32f4xx_hal_rcc.o [1]
HAL_RCC_OscConfig        0x800'3a25  0x2d8  Code  Wk  stm32f4xx_hal_rcc.o [1]
HAL_SYSTICK_CLKSourceConfig
                         0x800'2e03   0x1a  Code  Gb  stm32f4xx_hal_cortex.o [1]
HAL_SYSTICK_Callback     0x800'2b13   0x12  Code  Gb  main.o [1]
HAL_SYSTICK_Config       0x800'2ddb   0x28  Code  Gb  stm32f4xx_hal_cortex.o [1]
HAL_SYSTICK_IRQHandler   0x800'2e35    0x4  Code  Gb  stm32f4xx_hal_cortex.o [1]
HAL_TIMEx_MasterConfigSynchronization
                         0x800'450d   0x4a  Code  Gb  stm32f4xx_hal_tim_ex.o [1]
HAL_TIM_Encoder_Init     0x800'457f   0x8a  Code  Gb  stm32f4xx_hal_tim.o [1]
HAL_TIM_Encoder_MspInit
                         0x800'325f   0x92  Code  Gb  tim.o [1]
HAL_TIM_Encoder_Start    0x800'460b   0x22  Code  Gb  stm32f4xx_hal_tim.o [1]
HAL_UART_ErrorCallback   0x800'2f63   0x3e  Code  Gb  usart.o [1]
HAL_UART_IRQHandler      0x800'405f  0x14e  Code  Gb  stm32f4xx_hal_uart.o [1]
HAL_UART_Init            0x800'3edd   0x1e  Code  Gb  stm32f4xx_hal_uart.o [1]
HAL_UART_MspInit         0x800'2e6d   0x50  Code  Gb  usart.o [1]
HAL_UART_Receive_IT      0x800'4007   0x4c  Code  Gb  stm32f4xx_hal_uart.o [1]
HAL_UART_RxCpltCallback
                         0x800'2fa1   0x58  Code  Gb  usart.o [1]
HAL_UART_Transmit        0x800'3f53   0xac  Code  Gb  stm32f4xx_hal_uart.o [1]
HEAP$$Base              0x2000'0df8          --   Gb  - Linker created -
HEAP$$Limit             0x2000'0ff8          --   Gb  - Linker created -
HardFault_Handler        0x800'6233    0x2  Code  Gb  stm32f4xx_it.o [1]
LoadInt                  0x800'034b   0x7a  Code  Lc  xprintffull.o [2]
MX_CAN1_Init             0x800'2729   0x40  Code  Gb  can.o [1]
MX_GPIO_Init             0x800'3151   0x4c  Code  Gb  gpio.o [1]
MX_TIM2_Init             0x800'319d   0x2a  Code  Gb  tim.o [1]
MX_TIM3_Init             0x800'31c9   0x2a  Code  Gb  tim.o [1]
MX_TIM4_Init             0x800'3235   0x2a  Code  Gb  tim.o [1]
MX_USART2_UART_Init      0x800'2e39   0x34  Code  Gb  usart.o [1]
MemManage_Handler        0x800'6235    0x2  Code  Gb  stm32f4xx_it.o [1]
NMI_Handler              0x800'6231    0x2  Code  Gb  stm32f4xx_it.o [1]
NVIC_SetPriority         0x800'2d59   0x1a  Code  Lc  stm32f4xx_hal_cortex.o [1]
PendSV_Handler           0x800'623f    0x2  Code  Gb  stm32f4xx_it.o [1]
Region$$Table$$Base      0x800'62c8          --   Gb  - Linker created -
Region$$Table$$Limit     0x800'62e8          --   Gb  - Linker created -
RxMessage               0x2000'0850   0x24  Data  Lc  can.o [1]
STMFLASH_GetFlashSector
                         0x800'358b   0x72  Code  Gb  flash.o [1]
SVC_Handler              0x800'623b    0x2  Code  Gb  stm32f4xx_it.o [1]
SysTick_Handler          0x800'6241    0xe  Code  Gb  stm32f4xx_it.o [1]
SystemClock_Config       0x800'2a67   0xac  Code  Gb  main.o [1]
SystemCoreClock         0x2000'0428    0x4  Data  Gb  system_stm32f4xx.o [1]
SystemInit               0x800'61d1   0x3a  Code  Gb  system_stm32f4xx.o [1]
TIM_Base_SetConfig       0x800'463d   0x8e  Code  Gb  stm32f4xx_hal_tim.o [1]
TIM_CCxChannelCmd        0x800'46d1   0x14  Code  Gb  stm32f4xx_hal_tim.o [1]
TxMessage               0x2000'0834   0x1c  Data  Lc  can.o [1]
UART_DMAAbortOnError     0x800'422d    0xc  Code  Lc  stm32f4xx_hal_uart.o [1]
UART_EndRxTransfer       0x800'4211   0x1c  Code  Lc  stm32f4xx_hal_uart.o [1]
UART_Receive_IT          0x800'4239   0x88  Code  Lc  stm32f4xx_hal_uart.o [1]
UART_SetConfig           0x800'42c1  0x13e  Code  Lc  stm32f4xx_hal_uart.o [1]
UART_WaitOnFlagUntilTimeout
                         0x800'41ad   0x56  Code  Lc  stm32f4xx_hal_uart.o [1]
USART2_IRQHandler        0x800'625d    0x6  Code  Gb  stm32f4xx_it.o [1]
USART_RX_BUF            0x2000'0700   0xc8  Data  Gb  usart.o [1]
USART_RX_STA            0x2000'0446    0x2  Data  Gb  usart.o [1]
UsageFault_Handler       0x800'6239    0x2  Code  Gb  stm32f4xx_it.o [1]
_Encoding_8859_1_Mbrlen
                         0x800'1309    0x2  Code  Gb  xencoding_8859_1.o [2]
_Encoding_8859_1_Wctomb
                         0x800'12f7   0x12  Code  Gb  xencoding_8859_1.o [2]
_Error_Handler           0x800'2b35    0x2  Code  Gb  main.o [1]
_GenldFull               0x800'0ddd  0x274  Code  Lc  xprintffull.o [2]
_LdtobFull               0x800'09b1  0x400  Code  Lc  xprintffull.o [2]
_LitobFull               0x800'0859  0x112  Code  Lc  xprintffull.o [2]
_LocaleC_isalpha         0x800'1183    0xc  Code  Gb  xlocale_c.o [2]
_LocaleC_islower         0x800'117d    0x4  Code  Gb  xlocale_c.o [2]
_LocaleC_isspace         0x800'1199   0x14  Code  Gb  xlocale_c.o [2]
_LocaleC_isupper         0x800'1181    0x2  Code  Gb  xlocale_c.o [2]
_LocaleC_tolower         0x800'11ad    0xc  Code  Gb  xlocale_c.o [2]
_Locale_lconv           0x2000'04f0   0x38  Data  Lc  xlocale_c.o [2]
_PrintfFull              0x800'0189  0x1aa  Code  Gb  xprintffull.o [2]
_PutcharsFull            0x800'1051   0x2e  Code  Lc  xprintffull.o [2]
_PutfldFull              0x800'03c5  0x2d8  Code  Lc  xprintffull.o [2]
_PutstrFull              0x800'0793   0xc6  Code  Lc  xprintffull.o [2]
_PuttxtFull              0x800'069d   0xf6  Code  Lc  xprintffull.o [2]
_SNProut                 0x800'1377   0x1a  Code  Gb  xsnprout.o [2]
__aeabi_assert           0x800'30f9   0x24  Code  Gb  ABIassert.o [5]
__aeabi_cdcmple          0x800'187d         Code  Gb  DblCmpLe.o [3]
__aeabi_cdrcmple         0x800'18ad         Code  Gb  DblCmpGe.o [3]
__aeabi_d2f              0x800'4b15         Code  Gb  DblToFlt.o [3]
__aeabi_d2iz             0x800'1a19         Code  Gb  DblToS32.o [3]
__aeabi_d2uiz            0x800'1da5         Code  Gb  DblToU32.o [3]
__aeabi_dadd             0x800'1df1         Code  Gb  DblAdd.o [3]
__aeabi_ddiv             0x800'1b5d         Code  Gb  DblDiv.o [3]
__aeabi_dmul             0x800'1669         Code  Gb  DblMul.o [3]
__aeabi_dsub             0x800'1a79         Code  Gb  DblSub.o [3]
__aeabi_f2d              0x800'39dd         Code  Gb  FltToDbl.o [3]
__aeabi_i2d              0x800'1a55         Code  Gb  S32ToDbl.o [3]
__aeabi_ldiv0            0x800'1ded         Code  Gb  I64DivZer.o [4]
__aeabi_memclr           0x800'47ad         Code  Gb  ABImemclr.o [4]
__aeabi_memclr4          0x800'2b81         Code  Gb  ABImemclr4.o [4]
__aeabi_memcpy           0x800'1391         Code  Gb  ABImemcpy.o [4]
__aeabi_memcpy4          0x800'13b1         Code  Gb  ABImemcpy.o [4]
__aeabi_memcpy8          0x800'13b1         Code  Gb  ABImemcpy.o [4]
__aeabi_ui2d             0x800'1dcd         Code  Gb  U32ToDbl.o [3]
__aeabi_uldivmod         0x800'1439         Code  Gb  I64DivMod.o [4]
__cmain                  0x800'62e9         Code  Gb  cmain.o [4]
__data_GetMemChunk       0x800'4ba5   0x2c  Code  Gb  xgetmemchunk.o [2]
__data_GetMemChunk::start
                        0x2000'09f0    0x4  Data  Lc  xgetmemchunk.o [2]
__exit                   0x800'1f6d   0x14  Code  Gb  exit.o [5]
__iar_Fail_s             0x800'1281   0x1c  Code  Gb  xfail_s.o [2]
__iar_Mbcurmax           0x800'136d    0xa  Code  Gb  xmbcurmax.o [2]
__iar_Memchr             0x800'1315         Code  Gb  memchr.o [4]
__iar_Memset4_word       0x800'3ea9         Code  Gb  ABImemset48.o [4]
__iar_Memset8_word       0x800'3ea9         Code  Gb  ABImemset48.o [4]
__iar_Memset_word        0x800'4bd1         Code  Gb  ABImemset.o [4]
__iar_Sin64              0x800'51b1  0x3b2  Code  Lc  cos_sin64.o [3]
__iar_Sto64              0x800'4f79  0x19e  Code  Gb  strto64.o [3]
__iar_Stoflt             0x800'5721  0x1c4  Code  Gb  iar_Stoflt.o [2]
__iar_Stopfx             0x800'55fd  0x122  Code  Gb  iar_Stopfx.o [2]
__iar_Stoulx             0x800'5fd1  0x112  Code  Gb  iar_Stoulx.o [2]
__iar_Stoxflt            0x800'58e5  0x1e6  Code  Gb  iar_Stoxflt.o [2]
__iar_Stoxflt::digits    0x800'5ad0   0x18  Data  Lc  iar_Stoxflt.o [2]
__iar_Stoxflt::vals      0x800'5ae8   0x18  Data  Lc  iar_Stoxflt.o [2]
__iar_Strchr             0x800'1231         Code  Gb  strchr.o [4]
__iar_cos64              0x800'55f5    0x4  Code  Gb  cos_sin64.o [3]
__iar_cos_medium         0x800'55f5    0x4  Code  Gb  cos_sin64.o [3]
__iar_cos_medium64       0x800'55f5    0x4  Code  Gb  cos_sin64.o [3]
__iar_cos_mediuml        0x800'55f5    0x4  Code  Gb  cos_sin64.o [3]
__iar_dadd               0x800'1a89         Code  Gb  DblSub.o [3]
__iar_data_init3         0x800'627d   0x28  Code  Gb  data_init.o [4]
__iar_dsub               0x800'1e01         Code  Gb  DblAdd.o [3]
__iar_dsubStart          0x800'1e13         Code  Gb  DblAdd.o [3]
__iar_frexp              0x800'1819         Code  Gb  frexp.o [3]
__iar_frexpl             0x800'1819         Code  Gb  frexp.o [3]
__iar_globLocale        0x2000'0528   0x48  Data  Lc  xlocale_c.o [2]
__iar_global_Locale      0x800'11b9    0x4  Code  Gb  xlocale_c.o [2]
__iar_init_vfp           0x800'62a5         Code  Gb  fpinit_M.o [3]
__iar_ldexp64            0x800'18dd         Code  Gb  ldexp.o [3]
__iar_lz77_init_single3
                         0x800'1103   0x7a  Code  Gb  lz77_init_single.o [4]
__iar_program_start      0x800'632d         Code  Gb  cstartup_M.o [4]
__iar_scalbln64          0x800'18dd         Code  Gb  ldexp.o [3]
__iar_scalbn64           0x800'18dd         Code  Gb  ldexp.o [3]
__iar_sin64              0x800'55f9    0x4  Code  Gb  cos_sin64.o [3]
__iar_sin_medium         0x800'55f9    0x4  Code  Gb  cos_sin64.o [3]
__iar_sin_medium64       0x800'55f9    0x4  Code  Gb  cos_sin64.o [3]
__iar_sin_mediuml        0x800'55f9    0x4  Code  Gb  cos_sin64.o [3]
__iar_softfp___iar_frexp64
                         0x800'180d         Code  Gb  frexp.o [3]
__iar_softfp_frexp       0x800'180d         Code  Gb  frexp.o [3]
__iar_softfp_frexpl      0x800'180d         Code  Gb  frexp.o [3]
__iar_vfp_atof           0x800'4af3    0x8  Code  Gb  math_wrappers64.o [3]
__iar_vfp_cos            0x800'4afb    0xc  Code  Gb  math_wrappers64.o [3]
__iar_vfp_sin            0x800'4b07    0xc  Code  Gb  math_wrappers64.o [3]
__iar_zero_init3         0x800'1247   0x3a  Code  Gb  zero_init3.o [4]
__low_level_init         0x800'6307    0x4  Code  Gb  low_level_init.o [2]
__no_free_malloc         0x800'4719   0x44  Code  Gb  no_free_heap0.o [2]
__vector_table           0x800'0000         Data  Gb  startup_stm32f405xx.o [1]
_call_main               0x800'62f5         Code  Gb  cmain.o [4]
_exit                    0x800'6311         Code  Gb  cexit.o [4]
_gLocale_mblen           0x800'121d    0x4  Code  Gb  xlocale_c.o [2]
_gLocale_mblenInt        0x800'11e1   0x2c  Code  Gb  xlocale_c.o [2]
_gLocale_wctomb          0x800'1221    0x4  Code  Gb  xlocale_c.o [2]
_gLocale_wctombInt       0x800'1219    0x4  Code  Gb  xlocale_c.o [2]
_main                    0x800'6303         Code  Gb  cmain.o [4]
aRxBuffer               0x2000'0444    0x1  Data  Gb  usart.o [1]
abort                    0x800'1de7    0x6  Code  Gb  abort.o [2]
atof                     0x800'515d    0x8  Code  Gb  strto64.o [3]
atoi                     0x800'60e9    0x2  Code  Gb  iar_Stoulx.o [2]
calcul_XY                0x800'375d  0x1de  Code  Gb  calculate.o [1]
calcul_dx                0x800'367d   0x44  Code  Gb  calculate.o [1]
calcul_dy                0x800'36c1   0x44  Code  Gb  calculate.o [1]
canList                 0x2000'0570  0x190  Data  Gb  can.o [1]
can_add_callback         0x800'2835   0x4c  Code  Gb  can.o [1]
can_init                 0x800'2809   0x2c  Code  Gb  can.o [1]
candata                 0x2000'09d4    0x8  Data  Gb  can.o [1]
canlistnum              0x2000'09dc    0x4  Data  Lc  can.o [1]
cmd_argv                0x2000'0970   0x30  Data  Gb  cmd.o [1]
cmd_change_time_func     0x800'5c31   0x2e  Code  Gb  cmd_func.o [1]
cmd_check_func           0x800'5cb1   0xd2  Code  Gb  cmd_func.o [1]
cmd_exec                 0x800'33ff   0x44  Code  Gb  cmd.o [1]
cmd_hello_func           0x800'5b29    0x8  Code  Gb  cmd_func.o [1]
cmd_help_func            0x800'344d   0x30  Code  Gb  cmd.o [1]
cmd_init                 0x800'337d   0x18  Code  Gb  cmd.o [1]
cmd_modify_D_func        0x800'5bdd   0x3a  Code  Gb  cmd_func.o [1]
cmd_modify_L_func        0x800'5ba1   0x3c  Code  Gb  cmd_func.o [1]
cmd_parse                0x800'3395   0x6a  Code  Gb  cmd.o [1]
cmd_read_encoder_func    0x800'5b51   0x26  Code  Gb  cmd_func.o [1]
cmd_read_func            0x800'5b31   0x20  Code  Gb  cmd_func.o [1]
cmd_reset_func           0x800'5c61   0x16  Code  Gb  cmd_func.o [1]
cmd_send_wave_func       0x800'5b79   0x26  Code  Gb  cmd_func.o [1]
cmd_setxy_func           0x800'5c79   0x30  Code  Gb  cmd_func.o [1]
cmd_show_func            0x800'5da9   0x4c  Code  Gb  cmd_func.o [1]
cmd_tbl                 0x2000'0008  0x3f0  Data  Lc  cmd.o [1]
cos                      0x800'55f5    0x4  Code  Gb  cos_sin64.o [3]
cosl                     0x800'55f5    0x4  Code  Gb  cos_sin64.o [3]
ddiv                     0x800'4cfd   0xc8  Code  Lc  strto64.o [3]
digits                   0x800'60f4   0x28  Data  Lc  iar_Stoulx.o [2]
dmul                     0x800'4c31   0xca  Code  Lc  strto64.o [3]
encoder                 0x2000'0418    0x8  Data  Gb  main.o [1]
encoder_init             0x800'3351   0x2c  Code  Gb  encoder.o [1]
exit                     0x800'630b    0x4  Code  Gb  exit.o [2]
flag                    0x2000'040c    0xc  Data  Gb  main.o [1]
flag_init                0x800'2979    0xe  Code  Gb  main.o [1]
flash_data              0x2000'0874   0x48  Data  Gb  flash.o [1]
getangle                 0x800'6159   0x78  Code  Gb  can_func.o [1]
getangle::cnt           0x2000'09c0    0x4  Data  Lc  can_func.o [1]
getangle::init          0x2000'09c4    0x4  Data  Lc  can_func.o [1]
getangle::sum           0x2000'09c8    0x4  Data  Lc  can_func.o [1]
hcan1                   0x2000'07c8   0x44  Data  Gb  can.o [1]
htim2                   0x2000'08bc   0x3c  Data  Gb  tim.o [1]
htim3                   0x2000'08f8   0x3c  Data  Gb  tim.o [1]
htim4                   0x2000'0934   0x3c  Data  Gb  tim.o [1]
huart2                  0x2000'0448   0x40  Data  Gb  usart.o [1]
inputangle              0x2000'09e0    0x4  Data  Gb  main.o [1]
isalpha                  0x800'5b15   0x14  Code  Gb  isalpha.o [2]
isspace                  0x800'5b01   0x14  Code  Gb  isspace.o [2]
k1                      0x2000'09cc    0x4  Data  Gb  calculate.o [1]
k2                      0x2000'09d0    0x4  Data  Gb  calculate.o [1]
k3                      0x2000'0000    0x4  Data  Gb  calculate.o [1]
k4                      0x2000'0004    0x4  Data  Gb  calculate.o [1]
ldexp                    0x800'18dd         Code  Gb  ldexp.o [3]
ldexpl                   0x800'18dd         Code  Gb  ldexp.o [3]
load_prams               0x800'3515   0x76  Code  Gb  flash.o [1]
localeconv               0x800'1225    0x4  Code  Gb  xlocale_c.o [2]
main                     0x800'2989   0xde  Code  Gb  main.o [1]
memchr                   0x800'1315         Code  Gb  memchr.o [4]
ndigs                    0x800'611c   0x28  Data  Lc  iar_Stoulx.o [2]
pFlash                  0x2000'09a0   0x20  Data  Gb  stm32f4xx_hal_flash.o [1]
pows                     0x800'5168   0x48  Data  Lc  strto64.o [3]
qs                      0x2000'09ec    0x4  Data  Lc  no_free_heap0.o [2]
s                       0x2000'042c   0x18  Data  Gb  usart.o [1]
sFilterConfig           0x2000'080c   0x28  Data  Gb  can.o [1]
scalbln                  0x800'18dd         Code  Gb  ldexp.o [3]
scalblnl                 0x800'18dd         Code  Gb  ldexp.o [3]
scalbn                   0x800'18dd         Code  Gb  ldexp.o [3]
scalbnl                  0x800'18dd         Code  Gb  ldexp.o [3]
scale                    0x800'096b   0x46  Code  Lc  xprintffull.o [2]
sec_hand                0x2000'09e8    0x4  Data  Lc  xfail_s.o [2]
send_wave                0x800'2ee9   0x52  Code  Gb  usart.o [1]
sin                      0x800'55f9    0x4  Code  Gb  cos_sin64.o [3]
sinl                     0x800'55f9    0x4  Code  Gb  cos_sin64.o [3]
strchr                   0x800'1231         Code  Gb  strchr.o [4]
strcmp                   0x800'4761         Code  Gb  strcmp.o [4]
strlen                   0x800'12c1         Code  Gb  strlen.o [4]
time                    0x2000'0424    0x4  Data  Gb  main.o [1]
time_ms                 0x2000'0420    0x4  Data  Lc  main.o [1]
tolower                  0x800'6145   0x14  Code  Gb  tolower.o [2]
triangle                0x2000'03f8   0x14  Data  Gb  main.o [1]
uart_buffer             0x2000'0488   0x68  Data  Gb  usart.o [1]
uprintf                  0x800'2ebd   0x2c  Code  Gb  usart.o [1]
usart_exc                0x800'2ff9   0x72  Code  Gb  usart.o [1]
usart_init               0x800'2f3b   0x1e  Code  Gb  usart.o [1]
uwTick                  0x2000'09e4    0x4  Data  Gb  stm32f4xx_hal.o [1]
vsnprintf                0x800'4449   0x3c  Code  Gb  vsnprint.o [2]
write_prams              0x800'34b9   0x5a  Code  Gb  flash.o [1]


[1] = E:\ROBOCON------VALLUE\POS\EWARM\POS\Obj
[2] = dl7M_tlf.a
[3] = m7M_tls.a
[4] = rt7M_tl.a
[5] = shb_l.a

  25 658 bytes of readonly  code memory
     392 bytes of readonly  data memory
   4 084 bytes of readwrite data memory

Errors: none
Warnings: none
