###############################################################################
#
# IAR ELF Linker V8.30.1.114/W32 for ARM                  18/Oct/2019  19:41:36
# Copyright 2007-2018 IAR Systems AB.
#
#    Output file  =  
#        E:\ROBOCON------VALLUE\NEW_POS_19\EWARM\NEW_POS_19\Exe\NEW_POS_19.out
#    Map file     =  
#        E:\ROBOCON------VALLUE\NEW_POS_19\EWARM\NEW_POS_19\List\NEW_POS_19.map
#    Command line =  
#        -f C:\Users\DELL\AppData\Local\Temp\EW2CB4.tmp
#        (E:\ROBOCON------VALLUE\NEW_POS_19\EWARM\NEW_POS_19\Obj\as5047p.o
#        E:\ROBOCON------VALLUE\NEW_POS_19\EWARM\NEW_POS_19\Obj\asm330lhh_reg.o
#        E:\ROBOCON------VALLUE\NEW_POS_19\EWARM\NEW_POS_19\Obj\calculate.o
#        E:\ROBOCON------VALLUE\NEW_POS_19\EWARM\NEW_POS_19\Obj\can.o
#        E:\ROBOCON------VALLUE\NEW_POS_19\EWARM\NEW_POS_19\Obj\can_func.o
#        E:\ROBOCON------VALLUE\NEW_POS_19\EWARM\NEW_POS_19\Obj\can_utils.o
#        E:\ROBOCON------VALLUE\NEW_POS_19\EWARM\NEW_POS_19\Obj\cmd.o
#        E:\ROBOCON------VALLUE\NEW_POS_19\EWARM\NEW_POS_19\Obj\cmd_func.o
#        E:\ROBOCON------VALLUE\NEW_POS_19\EWARM\NEW_POS_19\Obj\dma.o
#        E:\ROBOCON------VALLUE\NEW_POS_19\EWARM\NEW_POS_19\Obj\encoder.o
#        E:\ROBOCON------VALLUE\NEW_POS_19\EWARM\NEW_POS_19\Obj\filter.o
#        E:\ROBOCON------VALLUE\NEW_POS_19\EWARM\NEW_POS_19\Obj\flash.o
#        E:\ROBOCON------VALLUE\NEW_POS_19\EWARM\NEW_POS_19\Obj\gpio.o
#        E:\ROBOCON------VALLUE\NEW_POS_19\EWARM\NEW_POS_19\Obj\hash.o
#        E:\ROBOCON------VALLUE\NEW_POS_19\EWARM\NEW_POS_19\Obj\i2c.o
#        E:\ROBOCON------VALLUE\NEW_POS_19\EWARM\NEW_POS_19\Obj\imitate_spi.o
#        E:\ROBOCON------VALLUE\NEW_POS_19\EWARM\NEW_POS_19\Obj\main.o
#        E:\ROBOCON------VALLUE\NEW_POS_19\EWARM\NEW_POS_19\Obj\read_data_simple.o
#        E:\ROBOCON------VALLUE\NEW_POS_19\EWARM\NEW_POS_19\Obj\simplelib.o
#        E:\ROBOCON------VALLUE\NEW_POS_19\EWARM\NEW_POS_19\Obj\spi.o
#        E:\ROBOCON------VALLUE\NEW_POS_19\EWARM\NEW_POS_19\Obj\startup_stm32f405xx.o
#        E:\ROBOCON------VALLUE\NEW_POS_19\EWARM\NEW_POS_19\Obj\stm32f4xx_hal.o
#        E:\ROBOCON------VALLUE\NEW_POS_19\EWARM\NEW_POS_19\Obj\stm32f4xx_hal_adc_ex.o
#        E:\ROBOCON------VALLUE\NEW_POS_19\EWARM\NEW_POS_19\Obj\stm32f4xx_hal_can.o
#        E:\ROBOCON------VALLUE\NEW_POS_19\EWARM\NEW_POS_19\Obj\stm32f4xx_hal_cortex.o
#        E:\ROBOCON------VALLUE\NEW_POS_19\EWARM\NEW_POS_19\Obj\stm32f4xx_hal_dma.o
#        E:\ROBOCON------VALLUE\NEW_POS_19\EWARM\NEW_POS_19\Obj\stm32f4xx_hal_dma_ex.o
#        E:\ROBOCON------VALLUE\NEW_POS_19\EWARM\NEW_POS_19\Obj\stm32f4xx_hal_exti.o
#        E:\ROBOCON------VALLUE\NEW_POS_19\EWARM\NEW_POS_19\Obj\stm32f4xx_hal_flash.o
#        E:\ROBOCON------VALLUE\NEW_POS_19\EWARM\NEW_POS_19\Obj\stm32f4xx_hal_flash_ex.o
#        E:\ROBOCON------VALLUE\NEW_POS_19\EWARM\NEW_POS_19\Obj\stm32f4xx_hal_flash_ramfunc.o
#        E:\ROBOCON------VALLUE\NEW_POS_19\EWARM\NEW_POS_19\Obj\stm32f4xx_hal_gpio.o
#        E:\ROBOCON------VALLUE\NEW_POS_19\EWARM\NEW_POS_19\Obj\stm32f4xx_hal_i2c.o
#        E:\ROBOCON------VALLUE\NEW_POS_19\EWARM\NEW_POS_19\Obj\stm32f4xx_hal_i2c_ex.o
#        E:\ROBOCON------VALLUE\NEW_POS_19\EWARM\NEW_POS_19\Obj\stm32f4xx_hal_msp.o
#        E:\ROBOCON------VALLUE\NEW_POS_19\EWARM\NEW_POS_19\Obj\stm32f4xx_hal_pwr.o
#        E:\ROBOCON------VALLUE\NEW_POS_19\EWARM\NEW_POS_19\Obj\stm32f4xx_hal_pwr_ex.o
#        E:\ROBOCON------VALLUE\NEW_POS_19\EWARM\NEW_POS_19\Obj\stm32f4xx_hal_rcc.o
#        E:\ROBOCON------VALLUE\NEW_POS_19\EWARM\NEW_POS_19\Obj\stm32f4xx_hal_rcc_ex.o
#        E:\ROBOCON------VALLUE\NEW_POS_19\EWARM\NEW_POS_19\Obj\stm32f4xx_hal_spi.o
#        E:\ROBOCON------VALLUE\NEW_POS_19\EWARM\NEW_POS_19\Obj\stm32f4xx_hal_tim.o
#        E:\ROBOCON------VALLUE\NEW_POS_19\EWARM\NEW_POS_19\Obj\stm32f4xx_hal_tim_ex.o
#        E:\ROBOCON------VALLUE\NEW_POS_19\EWARM\NEW_POS_19\Obj\stm32f4xx_hal_uart.o
#        E:\ROBOCON------VALLUE\NEW_POS_19\EWARM\NEW_POS_19\Obj\stm32f4xx_it.o
#        E:\ROBOCON------VALLUE\NEW_POS_19\EWARM\NEW_POS_19\Obj\system_stm32f4xx.o
#        E:\ROBOCON------VALLUE\NEW_POS_19\EWARM\NEW_POS_19\Obj\tim.o
#        E:\ROBOCON------VALLUE\NEW_POS_19\EWARM\NEW_POS_19\Obj\usart.o
#        --redirect _Printf=_PrintfFull --redirect _Scanf=_ScanfFull
#        --no_out_extension -o
#        E:\ROBOCON------VALLUE\NEW_POS_19\EWARM\NEW_POS_19\Exe\NEW_POS_19.out
#        --map
#        E:\ROBOCON------VALLUE\NEW_POS_19\EWARM\NEW_POS_19\List\NEW_POS_19.map
#        --config E:\ROBOCON------VALLUE\NEW_POS_19\EWARM/stm32f405xx_flash.icf
#        --semihosting --entry __iar_program_start --vfe --text_out locale)
#
###############################################################################

*******************************************************************************
*** RUNTIME MODEL ATTRIBUTES
***

CppFlavor       = *
__Heap_Handler  = DLMalloc
__SystemLibrary = DLib
__dlib_version  = 6


*******************************************************************************
*** HEAP SELECTION
***

The advanced heap was selected because the application calls memory
allocation functions outside of system library functions, and there
are calls to deallocation functions in the application.


*******************************************************************************
*** PLACEMENT SUMMARY
***

"A0":  place at 0x800'0000 { ro section .intvec };
"P1":  place in [from 0x800'0000 to 0x80f'ffff] { ro };
define block CSTACK with size = 1K, alignment = 8 { };
define block HEAP with size = 4K, alignment = 8 { };
"P2":  place in [from 0x2000'0000 to 0x2001'ffff] {
          rw, block CSTACK, block HEAP };
initialize by copy { rw };

  Section            Kind         Address    Size  Object
  -------            ----         -------    ----  ------
"A0":                                       0x188
  .intvec            ro code   0x800'0000   0x188  startup_stm32f405xx.o [1]
                             - 0x800'0188   0x188

"P1":                                      0x9237
  .text              ro code   0x800'0188   0xf80  dlmalloc.o [2]
  .text              ro code   0x800'1108     0x6  abort.o [2]
  .text              ro code   0x800'110e    0x7a  lz77_init_single.o [4]
  .text              ro code   0x800'1188    0x2c  xgetmemchunk.o [2]
  .text              ro code   0x800'11b4    0x14  exit.o [5]
  .text              ro code   0x800'11c8   0xf7a  xprintffull.o [2]
  .text              ro code   0x800'2142    0x3a  zero_init3.o [4]
  .text              ro code   0x800'217c    0xb4  xlocale_c.o [2]
  .text              ro code   0x800'2230    0x16  strchr.o [4]
  .text              ro code   0x800'2246    0x1e  xencoding_8859_1.o [2]
  .text              ro code   0x800'2264    0x40  xfail_s.o [2]
  .text              ro code   0x800'22a4    0x36  strlen.o [4]
  .text              ro code   0x800'22da    0x1a  xsnprout.o [2]
  .text              ro code   0x800'22f4    0x58  memchr.o [4]
  .text              ro code   0x800'234c     0xa  xmbcurmax.o [2]
  .text              ro code   0x800'2358    0xa6  ABImemcpy.o [4]
  .text              ro code   0x800'2400   0x230  I64DivMod.o [4]
  .text              ro code   0x800'2630   0x1a2  DblMul.o [3]
  .text              ro code   0x800'27d4    0x70  frexp.o [3]
  .text              ro code   0x800'2844    0x2e  DblCmpLe.o [3]
  .text              ro code   0x800'2874    0x2e  DblCmpGe.o [3]
  .text              ro code   0x800'28a4   0x13a  ldexp.o [3]
  .text              ro code   0x800'29e0    0x3a  DblToS32.o [3]
  .text              ro code   0x800'2a1c    0x22  S32ToDbl.o [3]
  .text              ro code   0x800'2a40    0xe2  DblSub.o [3]
  .text              ro code   0x800'2b24   0x246  DblDiv.o [3]
  .text              ro code   0x800'2d6c    0x28  DblToU32.o [3]
  .text              ro code   0x800'2d94    0x1a  U32ToDbl.o [3]
  .text              ro code   0x800'2db0     0x2  I64DivZer.o [4]
  .text              ro code   0x800'2db4   0x17a  DblAdd.o [3]
  .text              ro code   0x800'2f30   0xb6c  cmd_func.o [1]
  .text              ro code   0x800'3a9c   0x2a0  cmd.o [1]
  .text              ro code   0x800'3d3c   0x140  can_utils.o [1]
  .text              ro code   0x800'3e7c   0x1fc  flash.o [1]
  .text              ro code   0x800'4078    0x48  FltToDbl.o [3]
  .text              ro code   0x800'40c0   0x174  iar_Stoulx.o [2]
  .text              ro code   0x800'4234    0x26  math_wrappers64.o [3]
  .text              ro code   0x800'425c   0x334  calculate.o [1]
  .text              ro code   0x800'4590    0x68  DblToFlt.o [3]
  .text              ro code   0x800'45f8    0x28  stm32f4xx_hal.o [1]
  .text              ro code   0x800'4620   0x644  stm32f4xx_hal_uart.o [1]
  .text              ro code   0x800'4c64   0x244  hash.o [1]
  .text              ro code   0x800'4ea8     0x6  ABImemclr4.o [4]
  .text              ro code   0x800'4eb0    0x4c  strcpy.o [4]
  .text              ro code   0x800'4efc    0x4c  strtok.o [2]
  .text              ro code   0x800'4f48    0x3c  vsnprint.o [2]
  .text              ro code   0x800'4f84    0x4a  strcmp.o [4]
  .text              ro code   0x800'4fd0   0x61e  stm32f4xx_hal_can.o [1]
  .text              ro code   0x800'55f0   0x22c  main.o [1]
  .text              ro code   0x800'581c    0x20  can_func.o [1]
  .text              ro code   0x800'583c   0x1dc  stm32f4xx_hal_flash.o [1]
  .text              ro code   0x800'5a18   0x15c  stm32f4xx_hal_flash_ex.o [1]
  .text              ro code   0x800'5b74    0x14  isspace.o [2]
  .text              ro code   0x800'5b88    0x14  tolower.o [2]
  .text              ro code   0x800'5ba0   0x580  strto64.o [3]
  .text              ro code   0x800'6120   0x44c  cos_sin64.o [3]
  .text              ro code   0x800'656c     0xc  stm32f4xx_hal.o [1]
  .text              ro code   0x800'6578   0x134  usart.o [1]
  .text              ro code   0x800'66ac   0x408  stm32f4xx_hal_dma.o [1]
  .text              ro code   0x800'6ab4     0x2  stm32f4xx_hal_uart.o [1]
  .text              ro code   0x800'6ab6     0x2  stm32f4xx_hal_uart.o [1]
  .text              ro code   0x800'6ab8     0x2  stm32f4xx_hal_uart.o [1]
  .text              ro code   0x800'6aba     0x2  stm32f4xx_hal_uart.o [1]
  .text              ro code   0x800'6abc     0x2  stm32f4xx_hal_uart.o [1]
  .text              ro code   0x800'6ac0   0x1a8  stm32f4xx_hal_rcc.o [1]
  .text              ro code   0x800'6c68    0x24  ABIassert.o [5]
  .text              ro code   0x800'6c8c    0x32  ABImemset48.o [4]
  .text              ro code   0x800'6cbe    0x22  strspn.o [2]
  .text              ro code   0x800'6ce0    0x22  strcspn.o [2]
  .text              ro code   0x800'6d04    0xd0  can.o [1]
  .text              ro code   0x800'6dd4     0x2  stm32f4xx_hal_can.o [1]
  .text              ro code   0x800'6dd6     0x2  stm32f4xx_hal_can.o [1]
  .text              ro code   0x800'6dd8     0x2  stm32f4xx_hal_can.o [1]
  .text              ro code   0x800'6dda     0x2  stm32f4xx_hal_can.o [1]
  .text              ro code   0x800'6ddc     0x2  stm32f4xx_hal_can.o [1]
  .text              ro code   0x800'6dde     0x2  stm32f4xx_hal_can.o [1]
  .text              ro code   0x800'6de0     0x2  stm32f4xx_hal_can.o [1]
  .text              ro code   0x800'6de2     0x2  stm32f4xx_hal_can.o [1]
  .text              ro code   0x800'6de4     0x2  stm32f4xx_hal_can.o [1]
  .text              ro code   0x800'6de6     0x2  stm32f4xx_hal_can.o [1]
  .text              ro code   0x800'6de8     0x2  stm32f4xx_hal_can.o [1]
  .text              ro code   0x800'6dec    0x34  stm32f4xx_hal.o [1]
  .text              ro code   0x800'6e20    0xf0  gpio.o [1]
  .text              ro code   0x800'6f10    0x44  dma.o [1]
  .text              ro code   0x800'6f54    0xe4  i2c.o [1]
  .text              ro code   0x800'7038    0xec  spi.o [1]
  .text              ro code   0x800'7124   0x2d8  tim.o [1]
  .text              ro code   0x800'73fc    0x64  simplelib.o [1]
  .text              ro code   0x800'7460    0x44  encoder.o [1]
  .text              ro code   0x800'74a4   0x1e4  read_data_simple.o [1]
  .text              ro code   0x800'7688   0x2f8  stm32f4xx_hal_rcc.o [1]
  .text              ro code   0x800'7980   0x122  iar_Stopfx.o [2]
  .text              ro code   0x800'7aa4   0x1c4  iar_Stoflt.o [2]
  .text              ro code   0x800'7c68   0x21c  iar_Stoxflt.o [2]
  .text              ro code   0x800'7e84   0x1d8  stm32f4xx_hal_gpio.o [1]
  .text              ro code   0x800'805c    0xc4  stm32f4xx_hal_cortex.o [1]
  .text              ro code   0x800'8120    0x40  stm32f4xx_hal.o [1]
  .text              ro code   0x800'8160    0x38  stm32f4xx_hal_msp.o [1]
  .text              ro code   0x800'8198   0x13c  stm32f4xx_hal_i2c.o [1]
  .text              ro code   0x800'82d4   0x634  stm32f4xx_hal_spi.o [1]
  .text              ro code   0x800'8908   0x582  stm32f4xx_hal_tim.o [1]
  .text              ro code   0x800'8e8c    0x3e  stm32f4xx_hal_tim_ex.o [1]
  .text              ro code   0x800'8ecc   0x1d6  asm330lhh_reg.o [1]
  .text              ro code   0x800'90a2    0x14  isalpha.o [2]
  .text              ro code   0x800'90b6     0x2  stm32f4xx_hal_tim.o [1]
  .text              ro code   0x800'90b8    0x60  system_stm32f4xx.o [1]
  .text              ro code   0x800'9118    0x58  stm32f4xx_it.o [1]
  .text              ro code   0x800'9170    0x28  data_init.o [4]
  .text              ro code   0x800'9198    0x22  fpinit_M.o [3]
  .iar.init_table    const     0x800'91bc    0x20  - Linker created -
  .text              ro code   0x800'91dc    0x1e  cmain.o [4]
  .text              ro code   0x800'91fa     0x4  low_level_init.o [2]
  .text              ro code   0x800'91fe     0x4  exit.o [2]
  .text              ro code   0x800'9204     0xa  cexit.o [4]
  .text              ro code   0x800'9210    0x10  startup_stm32f405xx.o [1]
  .text              ro code   0x800'9220     0xc  cstartup_M.o [4]
  .rodata            const     0x800'922c     0x8  system_stm32f4xx.o [1]
  .rodata            const     0x800'9234     0x6  xlocale_c.o [2]
  .text              ro code   0x800'923a     0x4  startup_stm32f405xx.o [1]
  .text              ro code   0x800'923e     0x4  startup_stm32f405xx.o [1]
  .text              ro code   0x800'9242     0x4  startup_stm32f405xx.o [1]
  .text              ro code   0x800'9246     0x4  startup_stm32f405xx.o [1]
  .text              ro code   0x800'924a     0x4  startup_stm32f405xx.o [1]
  .text              ro code   0x800'924e     0x4  startup_stm32f405xx.o [1]
  .text              ro code   0x800'9252     0x4  startup_stm32f405xx.o [1]
  .text              ro code   0x800'9256     0x4  startup_stm32f405xx.o [1]
  .text              ro code   0x800'925a     0x4  startup_stm32f405xx.o [1]
  .text              ro code   0x800'925e     0x4  startup_stm32f405xx.o [1]
  .text              ro code   0x800'9262     0x4  startup_stm32f405xx.o [1]
  .text              ro code   0x800'9266     0x4  startup_stm32f405xx.o [1]
  .text              ro code   0x800'926a     0x4  startup_stm32f405xx.o [1]
  .text              ro code   0x800'926e     0x4  startup_stm32f405xx.o [1]
  .text              ro code   0x800'9272     0x4  startup_stm32f405xx.o [1]
  .text              ro code   0x800'9276     0x4  startup_stm32f405xx.o [1]
  .text              ro code   0x800'927a     0x4  startup_stm32f405xx.o [1]
  .text              ro code   0x800'927e     0x4  startup_stm32f405xx.o [1]
  .text              ro code   0x800'9282     0x4  startup_stm32f405xx.o [1]
  .text              ro code   0x800'9286     0x4  startup_stm32f405xx.o [1]
  .text              ro code   0x800'928a     0x4  startup_stm32f405xx.o [1]
  .text              ro code   0x800'928e     0x4  startup_stm32f405xx.o [1]
  .text              ro code   0x800'9292     0x4  startup_stm32f405xx.o [1]
  .text              ro code   0x800'9296     0x4  startup_stm32f405xx.o [1]
  .text              ro code   0x800'929a     0x4  startup_stm32f405xx.o [1]
  .text              ro code   0x800'929e     0x4  startup_stm32f405xx.o [1]
  .text              ro code   0x800'92a2     0x4  startup_stm32f405xx.o [1]
  .text              ro code   0x800'92a6     0x4  startup_stm32f405xx.o [1]
  .text              ro code   0x800'92aa     0x4  startup_stm32f405xx.o [1]
  .text              ro code   0x800'92ae     0x4  startup_stm32f405xx.o [1]
  .text              ro code   0x800'92b2     0x4  startup_stm32f405xx.o [1]
  .text              ro code   0x800'92b6     0x4  startup_stm32f405xx.o [1]
  .text              ro code   0x800'92ba     0x4  startup_stm32f405xx.o [1]
  .text              ro code   0x800'92be     0x4  startup_stm32f405xx.o [1]
  .text              ro code   0x800'92c2     0x4  startup_stm32f405xx.o [1]
  .text              ro code   0x800'92c6     0x4  startup_stm32f405xx.o [1]
  .text              ro code   0x800'92ca     0x4  startup_stm32f405xx.o [1]
  .text              ro code   0x800'92ce     0x4  startup_stm32f405xx.o [1]
  .text              ro code   0x800'92d2     0x4  startup_stm32f405xx.o [1]
  .text              ro code   0x800'92d6     0x4  startup_stm32f405xx.o [1]
  .text              ro code   0x800'92da     0x4  startup_stm32f405xx.o [1]
  .text              ro code   0x800'92de     0x4  startup_stm32f405xx.o [1]
  .text              ro code   0x800'92e2     0x4  startup_stm32f405xx.o [1]
  .text              ro code   0x800'92e6     0x4  startup_stm32f405xx.o [1]
  .text              ro code   0x800'92ea     0x4  startup_stm32f405xx.o [1]
  .text              ro code   0x800'92ee     0x4  startup_stm32f405xx.o [1]
  .text              ro code   0x800'92f2     0x4  startup_stm32f405xx.o [1]
  .text              ro code   0x800'92f6     0x4  startup_stm32f405xx.o [1]
  .text              ro code   0x800'92fa     0x4  startup_stm32f405xx.o [1]
  .text              ro code   0x800'92fe     0x4  startup_stm32f405xx.o [1]
  .text              ro code   0x800'9302     0x4  startup_stm32f405xx.o [1]
  .text              ro code   0x800'9306     0x4  startup_stm32f405xx.o [1]
  .text              ro code   0x800'930a     0x4  startup_stm32f405xx.o [1]
  .text              ro code   0x800'930e     0x4  startup_stm32f405xx.o [1]
  .text              ro code   0x800'9312     0x4  startup_stm32f405xx.o [1]
  .text              ro code   0x800'9316     0x4  startup_stm32f405xx.o [1]
  .text              ro code   0x800'931a     0x4  startup_stm32f405xx.o [1]
  .text              ro code   0x800'931e     0x4  startup_stm32f405xx.o [1]
  .text              ro code   0x800'9322     0x4  startup_stm32f405xx.o [1]
  .text              ro code   0x800'9326     0x4  startup_stm32f405xx.o [1]
  .text              ro code   0x800'932a     0x4  startup_stm32f405xx.o [1]
  .text              ro code   0x800'932e     0x4  startup_stm32f405xx.o [1]
  .text              ro code   0x800'9332     0x4  startup_stm32f405xx.o [1]
  .text              ro code   0x800'9336     0x4  startup_stm32f405xx.o [1]
  .text              ro code   0x800'933a     0x4  startup_stm32f405xx.o [1]
  .text              ro code   0x800'933e     0x4  startup_stm32f405xx.o [1]
  .text              ro code   0x800'9342     0x4  startup_stm32f405xx.o [1]
  .text              ro code   0x800'9346     0x4  startup_stm32f405xx.o [1]
  .text              ro code   0x800'934a     0x4  startup_stm32f405xx.o [1]
  .text              ro code   0x800'934e     0x4  startup_stm32f405xx.o [1]
  .text              ro code   0x800'9352     0x4  startup_stm32f405xx.o [1]
  .text              ro code   0x800'9356     0x4  startup_stm32f405xx.o [1]
  .rodata            const     0x800'935a     0x0  zero_init3.o [4]
  .rodata            const     0x800'935a     0x0  lz77_init_single.o [4]
  Initializer bytes  const     0x800'935a    0x65  <for P2-1>
                             - 0x800'93bf  0x9237

"P2", part 1 of 3:                           0xbe
  P2-1                        0x2000'0000    0xbe  <Init block>
    .data            inited   0x2000'0000     0x8  calculate.o [1]
    .data            inited   0x2000'0008     0x8  calculate.o [1]
    .data            inited   0x2000'0010    0x18  cmd.o [1]
    .data            inited   0x2000'0028     0x4  main.o [1]
    .data            inited   0x2000'002c     0xc  stm32f4xx_hal.o [1]
    .data            inited   0x2000'0038     0x4  system_stm32f4xx.o [1]
    .data            inited   0x2000'003c    0x38  xlocale_c.o [2]
    .data            inited   0x2000'0074    0x48  xlocale_c.o [2]
    .data            inited   0x2000'00bc     0x2  can_func.o [1]
                            - 0x2000'00be    0xbe

"P2", part 2 of 3:                          0x7cc
  .bss               zero     0x2000'00c0   0x1d8  dlmalloc.o [2]
  .bss               zero     0x2000'0298   0x110  cmd.o [1]
  .bss               zero     0x2000'03a8    0xc0  usart.o [1]
  .bss               zero     0x2000'0468    0x98  cmd.o [1]
  .bss               zero     0x2000'0500    0x5c  can_utils.o [1]
  .bss               zero     0x2000'055c    0x58  spi.o [1]
  .bss               zero     0x2000'05b4    0x54  i2c.o [1]
  .bss               zero     0x2000'0608    0x48  flash.o [1]
  .bss               zero     0x2000'0650    0x40  tim.o [1]
  .bss               zero     0x2000'0690    0x40  tim.o [1]
  .bss               zero     0x2000'06d0    0x40  tim.o [1]
  .bss               zero     0x2000'0710    0x40  tim.o [1]
  .bss               zero     0x2000'0750    0x40  usart.o [1]
  .bss               zero     0x2000'0790    0x34  main.o [1]
  .bss               zero     0x2000'07c4    0x2c  read_data_simple.o [1]
  .bss               zero     0x2000'07f0    0x28  can.o [1]
  .bss               zero     0x2000'0818    0x28  can_utils.o [1]
  .bss               zero     0x2000'0840    0x20  stm32f4xx_hal_flash.o [1]
  .bss               zero     0x2000'0860    0x18  dlmalloc.o [2]
  .bss               zero     0x2000'0878     0x4  cmd.o [1]
  .bss               zero     0x2000'087c     0x4  main.o [1]
  .bss               zero     0x2000'0880     0x4  strtok.o [2]
  .bss               zero     0x2000'0884     0x4  xfail_s.o [2]
  .bss               zero     0x2000'0888     0x4  xgetmemchunk.o [2]
                            - 0x2000'088c   0x7cc

"P2", part 3 of 3:                         0x1400
  CSTACK                      0x2000'0890   0x400  <Block>
    CSTACK           uninit   0x2000'0890   0x400  <Block tail>
  HEAP                        0x2000'0c90  0x1000  <Block>
    HEAP             uninit   0x2000'0c90  0x1000  <Block tail>
                            - 0x2000'1c90  0x1400

Unused ranges:

         From           To      Size
         ----           --      ----
   0x800'93bf   0x80f'ffff  0xf'6c41
  0x2000'00be  0x2000'00bf       0x2
  0x2000'088c  0x2000'088f       0x4
  0x2000'1c90  0x2001'ffff  0x1'e370


*******************************************************************************
*** INIT TABLE
***

          Address      Size
          -------      ----
Zero (__iar_zero_init3)
    1 destination range, total size 0x7cc:
          0x2000'00c0  0x7cc

Copy/lz77 (__iar_lz77_init_single3)
    1 source range, total size 0x65 (53% of destination):
           0x800'935a   0x65
    1 destination range, total size 0xbe:
          0x2000'0000   0xbe



*******************************************************************************
*** MODULE SUMMARY
***

    Module                    ro code  ro data  rw data
    ------                    -------  -------  -------
command line/config:
    ---------------------------------------------------
    Total:

E:\ROBOCON------VALLUE\NEW_POS_19\EWARM\NEW_POS_19\Obj: [1]
    asm330lhh_reg.o               470
    calculate.o                   820        8       16
    can.o                         208                40
    can_func.o                     32        2        2
    can_utils.o                   320               132
    cmd.o                         672       13      452
    cmd_func.o                  2 924
    dma.o                          68
    encoder.o                      68
    flash.o                       508                72
    gpio.o                        240
    hash.o                        580
    i2c.o                         228                84
    main.o                        556        2       60
    read_data_simple.o            484                44
    simplelib.o                   100
    spi.o                         236                88
    startup_stm32f405xx.o         696
    stm32f4xx_hal.o               168        6       12
    stm32f4xx_hal_can.o         1 588
    stm32f4xx_hal_cortex.o        196
    stm32f4xx_hal_dma.o         1 032
    stm32f4xx_hal_flash.o         476                32
    stm32f4xx_hal_flash_ex.o      348
    stm32f4xx_hal_gpio.o          472
    stm32f4xx_hal_i2c.o           316
    stm32f4xx_hal_msp.o            56
    stm32f4xx_hal_rcc.o         1 184
    stm32f4xx_hal_spi.o         1 588
    stm32f4xx_hal_tim.o         1 412
    stm32f4xx_hal_tim_ex.o         62
    stm32f4xx_hal_uart.o        1 614
    stm32f4xx_it.o                 88
    system_stm32f4xx.o             96       10        4
    tim.o                         728               256
    usart.o                       308               256
    ---------------------------------------------------
    Total:                     20 942       41    1 550

dl7M_tlf.a: [2]
    abort.o                         6
    dlmalloc.o                  3 968               496
    exit.o                          4
    iar_Stoflt.o                  452
    iar_Stopfx.o                  290
    iar_Stoulx.o                  372
    iar_Stoxflt.o                 540
    isalpha.o                      20
    isspace.o                      20
    low_level_init.o                4
    strcspn.o                      34
    strspn.o                       34
    strtok.o                       76                 4
    tolower.o                      20
    vsnprint.o                     60
    xencoding_8859_1.o             30
    xfail_s.o                      64                 4
    xgetmemchunk.o                 44                 4
    xlocale_c.o                   180       74      128
    xmbcurmax.o                    10
    xprintffull.o               3 962
    xsnprout.o                     26
    ---------------------------------------------------
    Total:                     10 216       74      636

m7M_tls.a: [3]
    DblAdd.o                      378
    DblCmpGe.o                     46
    DblCmpLe.o                     46
    DblDiv.o                      582
    DblMul.o                      418
    DblSub.o                      226
    DblToFlt.o                    104
    DblToS32.o                     58
    DblToU32.o                     40
    FltToDbl.o                     72
    S32ToDbl.o                     34
    U32ToDbl.o                     26
    cos_sin64.o                 1 100
    fpinit_M.o                     34
    frexp.o                       112
    ldexp.o                       314
    math_wrappers64.o              38
    strto64.o                   1 408
    ---------------------------------------------------
    Total:                      5 036

rt7M_tl.a: [4]
    ABImemclr4.o                    6
    ABImemcpy.o                   166
    ABImemset48.o                  50
    I64DivMod.o                   560
    I64DivZer.o                     2
    cexit.o                        10
    cmain.o                        30
    cstartup_M.o                   12
    data_init.o                    40
    lz77_init_single.o            122
    memchr.o                       88
    strchr.o                       22
    strcmp.o                       74
    strcpy.o                       76
    strlen.o                       54
    zero_init3.o                   58
    ---------------------------------------------------
    Total:                      1 370

shb_l.a: [5]
    ABIassert.o                    36
    exit.o                         20
    ---------------------------------------------------
    Total:                         56

    Gaps                           54        2
    Linker created                          32    5 120
-------------------------------------------------------
    Grand Total:               37 674      149    7 306


*******************************************************************************
*** ENTRY LIST
***

Entry                       Address   Size  Type      Object
-----                       -------   ----  ----      ------
.iar.init_table$$Base    0x800'91bc          --   Gb  - Linker created -
.iar.init_table$$Limit   0x800'91dc          --   Gb  - Linker created -
?main                    0x800'91dd         Code  Gb  cmain.o [4]
AHBPrescTable            0x800'9108   0x10  Data  Gb  system_stm32f4xx.o [1]
APBPrescTable            0x800'922c    0x8  Data  Gb  system_stm32f4xx.o [1]
BusFault_Handler         0x800'911f    0x2  Code  Gb  stm32f4xx_it.o [1]
CAN1_RX0_IRQHandler      0x800'9139    0x2  Code  Gb  stm32f4xx_it.o [1]
CAN1_RX1_IRQHandler      0x800'913d    0x2  Code  Gb  stm32f4xx_it.o [1]
CAN1_SCE_IRQHandler      0x800'9145    0x2  Code  Gb  stm32f4xx_it.o [1]
CANSEND_ID              0x2000'00bc    0x2  Data  Gb  can_func.o [1]
CMD_USART               0x2000'0298   0x40  Data  Gb  cmd.o [1]
CSTACK$$Base            0x2000'0890          --   Gb  - Linker created -
CSTACK$$Limit           0x2000'0c90          --   Gb  - Linker created -
CacheMore                0x800'21bd   0x24  Code  Lc  xlocale_c.o [2]
DMA1_Stream5_IRQHandler
                         0x800'912d    0x6  Code  Gb  stm32f4xx_it.o [1]
DMA1_Stream6_IRQHandler
                         0x800'9133    0x6  Code  Gb  stm32f4xx_it.o [1]
DMAUSART_RX_BUF         0x2000'0468   0x64  Data  Gb  cmd.o [1]
DMA_CalcBaseAndBitshift
                         0x800'6a85   0x26  Code  Lc  stm32f4xx_hal_dma.o [1]
DMA_CalcBaseAndBitshift::flagBitshiftOffset
                         0x800'6aac    0x8  Data  Lc  stm32f4xx_hal_dma.o [1]
DMA_RxOK_Flag           0x2000'02d8    0x4  Data  Gb  cmd.o [1]
DMA_SetConfig            0x800'6a65   0x20  Code  Lc  stm32f4xx_hal_dma.o [1]
DMAaRxBuffer            0x2000'02dc   0x64  Data  Gb  cmd.o [1]
DebugMon_Handler         0x800'9125    0x2  Code  Gb  stm32f4xx_it.o [1]
Dtentox                  0x800'5d45  0x192  Code  Lc  strto64.o [3]
Error_Handler            0x800'57d9    0x2  Code  Gb  main.o [1]
FLASH_Erase_Sector       0x800'5acb   0x4c  Code  Gb  stm32f4xx_hal_flash_ex.o [1]
FLASH_FlushCaches        0x800'5b17   0x50  Code  Gb  stm32f4xx_hal_flash_ex.o [1]
FLASH_MassErase          0x800'5aab   0x20  Code  Lc  stm32f4xx_hal_flash_ex.o [1]
FLASH_Program_Byte       0x800'5989   0x14  Code  Lc  stm32f4xx_hal_flash.o [1]
FLASH_Program_DoubleWord
                         0x800'5927   0x24  Code  Lc  stm32f4xx_hal_flash.o [1]
FLASH_Program_HalfWord   0x800'595d   0x12  Code  Lc  stm32f4xx_hal_flash.o [1]
FLASH_Program_Word       0x800'594b   0x12  Code  Lc  stm32f4xx_hal_flash.o [1]
FLASH_SetErrorCode       0x800'599d   0x60  Code  Lc  stm32f4xx_hal_flash.o [1]
FLASH_WaitForLastOperation
                         0x800'58db   0x4c  Code  Gb  stm32f4xx_hal_flash.o [1]
HAL_CAN_ActivateNotification
                         0x800'53db   0x16  Code  Gb  stm32f4xx_hal_can.o [1]
HAL_CAN_AddTxMessage     0x800'520d   0xc4  Code  Gb  stm32f4xx_hal_can.o [1]
HAL_CAN_ConfigFilter     0x800'50bf   0xc0  Code  Gb  stm32f4xx_hal_can.o [1]
HAL_CAN_GetRxMessage     0x800'52e3   0xe4  Code  Gb  stm32f4xx_hal_can.o [1]
HAL_CAN_IRQHandler       0x800'53f7  0x1f8  Code  Gb  stm32f4xx_hal_can.o [1]
HAL_CAN_Init             0x800'4fd1   0xe6  Code  Gb  stm32f4xx_hal_can.o [1]
HAL_CAN_MspInit          0x800'6d2f   0x96  Code  Gb  can.o [1]
HAL_CAN_RxFifo0FullCallback
                         0x800'3e59    0x2  Code  Gb  can_utils.o [1]
HAL_CAN_RxFifo0MsgPendingCallback
                         0x800'3e01   0x24  Code  Gb  can_utils.o [1]
HAL_CAN_Start            0x800'5191   0x4c  Code  Gb  stm32f4xx_hal_can.o [1]
HAL_DMA_Abort            0x800'6807   0x88  Code  Gb  stm32f4xx_hal_dma.o [1]
HAL_DMA_Abort_IT         0x800'688f   0x24  Code  Gb  stm32f4xx_hal_dma.o [1]
HAL_DMA_IRQHandler       0x800'68b3  0x192  Code  Gb  stm32f4xx_hal_dma.o [1]
HAL_DMA_Init             0x800'66ad   0xee  Code  Gb  stm32f4xx_hal_dma.o [1]
HAL_DMA_Start_IT         0x800'679b   0x6c  Code  Gb  stm32f4xx_hal_dma.o [1]
HAL_Delay                0x800'45f9   0x28  Code  Wk  stm32f4xx_hal.o [1]
HAL_FLASHEx_Erase        0x800'5a19   0x92  Code  Gb  stm32f4xx_hal_flash_ex.o [1]
HAL_FLASH_Lock           0x800'58cb    0xa  Code  Gb  stm32f4xx_hal_flash.o [1]
HAL_FLASH_Program        0x800'583d   0x6e  Code  Gb  stm32f4xx_hal_flash.o [1]
HAL_FLASH_Unlock         0x800'58ab   0x20  Code  Gb  stm32f4xx_hal_flash.o [1]
HAL_GPIO_Init            0x800'7e85  0x1a4  Code  Gb  stm32f4xx_hal_gpio.o [1]
HAL_GPIO_WritePin        0x800'8029    0x8  Code  Gb  stm32f4xx_hal_gpio.o [1]
HAL_GetTick              0x800'656d    0xc  Code  Wk  stm32f4xx_hal.o [1]
HAL_I2C_Init             0x800'8199  0x118  Code  Gb  stm32f4xx_hal_i2c.o [1]
HAL_I2C_MspInit          0x800'6f85   0x9a  Code  Gb  i2c.o [1]
HAL_IncTick              0x800'57af   0x12  Code  Gb  main.o [1]
HAL_Init                 0x800'6ded   0x30  Code  Gb  stm32f4xx_hal.o [1]
HAL_InitTick             0x800'8121   0x40  Code  Wk  stm32f4xx_hal.o [1]
HAL_MspInit              0x800'8161   0x38  Code  Gb  stm32f4xx_hal_msp.o [1]
HAL_NVIC_EnableIRQ       0x800'80cb   0x16  Code  Gb  stm32f4xx_hal_cortex.o [1]
HAL_NVIC_SetPriority     0x800'8091   0x3a  Code  Gb  stm32f4xx_hal_cortex.o [1]
HAL_NVIC_SetPriorityGrouping
                         0x800'8077   0x1a  Code  Gb  stm32f4xx_hal_cortex.o [1]
HAL_RCC_ClockConfig      0x800'6ac1   0xfe  Code  Gb  stm32f4xx_hal_rcc.o [1]
HAL_RCC_GetPCLK1Freq     0x800'6bcb   0x10  Code  Gb  stm32f4xx_hal_rcc.o [1]
HAL_RCC_GetPCLK2Freq     0x800'6bdb    0xe  Code  Gb  stm32f4xx_hal_rcc.o [1]
HAL_RCC_OscConfig        0x800'7689  0x2f8  Code  Wk  stm32f4xx_hal_rcc.o [1]
HAL_SPI_Init             0x800'82d5   0x76  Code  Gb  stm32f4xx_hal_spi.o [1]
HAL_SPI_MspInit          0x800'7079   0x96  Code  Gb  spi.o [1]
HAL_SPI_Receive          0x800'8471  0x130  Code  Gb  stm32f4xx_hal_spi.o [1]
HAL_SPI_Transmit         0x800'834b  0x126  Code  Gb  stm32f4xx_hal_spi.o [1]
HAL_SPI_TransmitReceive
                         0x800'85ad  0x1a6  Code  Gb  stm32f4xx_hal_spi.o [1]
HAL_SYSTICK_Config       0x800'80e1   0x28  Code  Gb  stm32f4xx_hal_cortex.o [1]
HAL_TIMEx_MasterConfigSynchronization
                         0x800'8e8d   0x3e  Code  Gb  stm32f4xx_hal_tim_ex.o [1]
HAL_TIM_Base_Init        0x800'8909   0x1a  Code  Gb  stm32f4xx_hal_tim.o [1]
HAL_TIM_Base_MspInit     0x800'731b   0x40  Code  Gb  tim.o [1]
HAL_TIM_ConfigClockSource
                         0x800'8b1f   0x90  Code  Gb  stm32f4xx_hal_tim.o [1]
HAL_TIM_Encoder_Init     0x800'8961   0x8c  Code  Gb  stm32f4xx_hal_tim.o [1]
HAL_TIM_Encoder_MspInit
                         0x800'728d   0x8e  Code  Gb  tim.o [1]
HAL_TIM_Encoder_Start    0x800'89ed   0x1e  Code  Gb  stm32f4xx_hal_tim.o [1]
HAL_TIM_MspPostInit      0x800'735b   0x32  Code  Gb  tim.o [1]
HAL_TIM_PWM_ConfigChannel
                         0x800'8a2f   0xbc  Code  Gb  stm32f4xx_hal_tim.o [1]
HAL_TIM_PWM_Init         0x800'8937   0x1a  Code  Gb  stm32f4xx_hal_tim.o [1]
HAL_UART_DMAStop         0x800'47a1   0x54  Code  Gb  stm32f4xx_hal_uart.o [1]
HAL_UART_IDLECallback    0x800'3b19   0x62  Code  Gb  cmd.o [1]
HAL_UART_IRQHandler      0x800'4801  0x14e  Code  Gb  stm32f4xx_hal_uart.o [1]
HAL_UART_Init            0x800'4621   0x1e  Code  Gb  stm32f4xx_hal_uart.o [1]
HAL_UART_MspInit         0x800'65a7   0xec  Code  Gb  usart.o [1]
HAL_UART_Receive_DMA     0x800'470f   0x92  Code  Gb  stm32f4xx_hal_uart.o [1]
HAL_UART_Transmit_DMA    0x800'4697   0x78  Code  Gb  stm32f4xx_hal_uart.o [1]
HCAN                    0x2000'0818   0x28  Data  Gb  can_utils.o [1]
HEAP$$Base              0x2000'0c90          --   Gb  - Linker created -
HEAP$$Limit             0x2000'1c90          --   Gb  - Linker created -
HardFault_Handler        0x800'911b    0x2  Code  Gb  stm32f4xx_it.o [1]
HashTable_create         0x800'4c97   0x42  Code  Gb  hash.o [1]
HashTable_get            0x800'4d71   0x54  Code  Gb  hash.o [1]
HashTable_insert         0x800'4cd9   0x80  Code  Gb  hash.o [1]
HashTable_map            0x800'4dd1   0x6c  Code  Gb  hash.o [1]
LoadInt                  0x800'138b   0x7a  Code  Lc  xprintffull.o [2]
MX_CAN1_Init             0x800'6d05   0x2a  Code  Gb  can.o [1]
MX_DMA_Init              0x800'6f11   0x44  Code  Gb  dma.o [1]
MX_GPIO_Init             0x800'6e21   0xd4  Code  Gb  gpio.o [1]
MX_I2C3_Init             0x800'6f55   0x30  Code  Gb  i2c.o [1]
MX_SPI2_Init             0x800'7039   0x40  Code  Gb  spi.o [1]
MX_TIM2_Init             0x800'7125   0x1c  Code  Gb  tim.o [1]
MX_TIM3_Init             0x800'7141   0xa8  Code  Gb  tim.o [1]
MX_TIM4_Init             0x800'71e9   0x16  Code  Gb  tim.o [1]
MX_TIM6_Init             0x800'7251   0x3c  Code  Gb  tim.o [1]
MX_USART2_UART_Init      0x800'6579   0x2e  Code  Gb  usart.o [1]
MemManage_Handler        0x800'911d    0x2  Code  Gb  stm32f4xx_it.o [1]
NMI_Handler              0x800'9119    0x2  Code  Gb  stm32f4xx_it.o [1]
PendSV_Handler           0x800'9127    0x2  Code  Gb  stm32f4xx_it.o [1]
Region$$Table$$Base      0x800'91bc          --   Gb  - Linker created -
Region$$Table$$Limit     0x800'91dc          --   Gb  - Linker created -
RxHeader                0x2000'0534   0x1c  Data  Gb  can_utils.o [1]
SPI_EndRxTransaction     0x800'8853   0x50  Code  Lc  stm32f4xx_hal_spi.o [1]
SPI_EndRxTxTransaction   0x800'88a3   0x50  Code  Lc  stm32f4xx_hal_spi.o [1]
SPI_WaitFlagStateUntilTimeout
                         0x800'87bd   0x8a  Code  Lc  stm32f4xx_hal_spi.o [1]
STMFLASH_GetFlashSector
                         0x800'3f7d   0x72  Code  Gb  flash.o [1]
SVC_Handler              0x800'9123    0x2  Code  Gb  stm32f4xx_it.o [1]
SysTick_Handler          0x800'9129    0x4  Code  Gb  stm32f4xx_it.o [1]
SystemClock_Config       0x800'571d   0x92  Code  Gb  main.o [1]
SystemCoreClock         0x2000'0038    0x4  Data  Gb  system_stm32f4xx.o [1]
SystemInit               0x800'90b9   0x3a  Code  Gb  system_stm32f4xx.o [1]
TIM_Base_SetConfig       0x800'8be7   0x96  Code  Gb  stm32f4xx_hal_tim.o [1]
TIM_CCxChannelCmd        0x800'8e6f   0x16  Code  Gb  stm32f4xx_hal_tim.o [1]
TIM_ETR_SetConfig        0x800'8e5b   0x14  Code  Gb  stm32f4xx_hal_tim.o [1]
TIM_ITRx_SetConfig       0x800'8e4b   0x10  Code  Lc  stm32f4xx_hal_tim.o [1]
TIM_OC1_SetConfig        0x800'8c7d   0x58  Code  Lc  stm32f4xx_hal_tim.o [1]
TIM_OC2_SetConfig        0x800'8cd5   0x60  Code  Gb  stm32f4xx_hal_tim.o [1]
TIM_OC3_SetConfig        0x800'8d35   0x5e  Code  Lc  stm32f4xx_hal_tim.o [1]
TIM_OC4_SetConfig        0x800'8d93   0x46  Code  Lc  stm32f4xx_hal_tim.o [1]
TIM_TI1_ConfigInputStage
                         0x800'8e09   0x1e  Code  Lc  stm32f4xx_hal_tim.o [1]
TIM_TI2_ConfigInputStage
                         0x800'8e27   0x24  Code  Lc  stm32f4xx_hal_tim.o [1]
TxHeader                0x2000'0500   0x18  Data  Gb  can_utils.o [1]
TxMailbox               0x2000'0558    0x4  Data  Gb  can_utils.o [1]
UART_DMAAbortOnError     0x800'4a3d    0xc  Code  Lc  stm32f4xx_hal_uart.o [1]
UART_DMAError            0x800'49c5   0x4a  Code  Lc  stm32f4xx_hal_uart.o [1]
UART_DMAReceiveCplt      0x800'4985   0x38  Code  Lc  stm32f4xx_hal_uart.o [1]
UART_DMARxHalfCplt       0x800'49bd    0x6  Code  Lc  stm32f4xx_hal_uart.o [1]
UART_DMATransmitCplt     0x800'4951   0x2a  Code  Lc  stm32f4xx_hal_uart.o [1]
UART_DMATxHalfCplt       0x800'497d    0x6  Code  Lc  stm32f4xx_hal_uart.o [1]
UART_EndRxTransfer       0x800'4a21   0x1c  Code  Lc  stm32f4xx_hal_uart.o [1]
UART_EndTxTransfer       0x800'4a0f   0x12  Code  Lc  stm32f4xx_hal_uart.o [1]
UART_Receive_IT          0x800'4a49   0x92  Code  Lc  stm32f4xx_hal_uart.o [1]
UART_SetConfig           0x800'4adb  0x13e  Code  Lc  stm32f4xx_hal_uart.o [1]
USART2_IRQHandler        0x800'9147   0x14  Code  Gb  stm32f4xx_it.o [1]
UsageFault_Handler       0x800'9121    0x2  Code  Gb  stm32f4xx_it.o [1]
X_diameter              0x2000'0008    0x4  Data  Gb  calculate.o [1]
_Encoding_8859_1_Mbrlen
                         0x800'2259    0x2  Code  Gb  xencoding_8859_1.o [2]
_Encoding_8859_1_Wctomb
                         0x800'2247   0x12  Code  Gb  xencoding_8859_1.o [2]
_GenldFull               0x800'1e1d  0x274  Code  Lc  xprintffull.o [2]
_LdtobFull               0x800'19f1  0x400  Code  Lc  xprintffull.o [2]
_LitobFull               0x800'1899  0x112  Code  Lc  xprintffull.o [2]
_LocaleC_isalpha         0x800'2183    0xc  Code  Gb  xlocale_c.o [2]
_LocaleC_islower         0x800'217d    0x4  Code  Gb  xlocale_c.o [2]
_LocaleC_isspace         0x800'2199   0x14  Code  Gb  xlocale_c.o [2]
_LocaleC_isupper         0x800'2181    0x2  Code  Gb  xlocale_c.o [2]
_LocaleC_tolower         0x800'21ad    0xc  Code  Gb  xlocale_c.o [2]
_Locale_lconv           0x2000'003c   0x38  Data  Lc  xlocale_c.o [2]
_PrintfFull              0x800'11c9  0x1aa  Code  Gb  xprintffull.o [2]
_PutcharsFull            0x800'2091   0x2e  Code  Lc  xprintffull.o [2]
_PutfldFull              0x800'1405  0x2d8  Code  Lc  xprintffull.o [2]
_PutstrFull              0x800'17d3   0xc6  Code  Lc  xprintffull.o [2]
_PuttxtFull              0x800'16dd   0xf6  Code  Lc  xprintffull.o [2]
_SNProut                 0x800'22db   0x1a  Code  Gb  xsnprout.o [2]
_Strtok_ssave           0x2000'0880    0x4  Data  Lc  strtok.o [2]
__NVIC_SetPriority       0x800'805d   0x1a  Code  Lc  stm32f4xx_hal_cortex.o [1]
__aeabi_assert           0x800'6c69   0x24  Code  Gb  ABIassert.o [5]
__aeabi_cdcmple          0x800'2845         Code  Gb  DblCmpLe.o [3]
__aeabi_cdrcmple         0x800'2875         Code  Gb  DblCmpGe.o [3]
__aeabi_d2f              0x800'4591         Code  Gb  DblToFlt.o [3]
__aeabi_d2iz             0x800'29e1         Code  Gb  DblToS32.o [3]
__aeabi_d2uiz            0x800'2d6d         Code  Gb  DblToU32.o [3]
__aeabi_dadd             0x800'2db5         Code  Gb  DblAdd.o [3]
__aeabi_ddiv             0x800'2b25         Code  Gb  DblDiv.o [3]
__aeabi_dmul             0x800'2631         Code  Gb  DblMul.o [3]
__aeabi_dsub             0x800'2a41         Code  Gb  DblSub.o [3]
__aeabi_f2d              0x800'4079         Code  Gb  FltToDbl.o [3]
__aeabi_i2d              0x800'2a1d         Code  Gb  S32ToDbl.o [3]
__aeabi_ldiv0            0x800'2db1         Code  Gb  I64DivZer.o [4]
__aeabi_memclr4          0x800'4ea9         Code  Gb  ABImemclr4.o [4]
__aeabi_memcpy           0x800'2359         Code  Gb  ABImemcpy.o [4]
__aeabi_memcpy4          0x800'2379         Code  Gb  ABImemcpy.o [4]
__aeabi_memcpy8          0x800'2379         Code  Gb  ABImemcpy.o [4]
__aeabi_ui2d             0x800'2d95         Code  Gb  U32ToDbl.o [3]
__aeabi_uldivmod         0x800'2401         Code  Gb  I64DivMod.o [4]
__cmain                  0x800'91dd         Code  Gb  cmain.o [4]
__data_GetMemChunk       0x800'1189   0x2c  Code  Gb  xgetmemchunk.o [2]
__data_GetMemChunk::start
                        0x2000'0888    0x4  Data  Lc  xgetmemchunk.o [2]
__exit                   0x800'11b5   0x14  Code  Gb  exit.o [5]
__iar_Fail_s             0x800'2265   0x1c  Code  Gb  xfail_s.o [2]
__iar_Mbcurmax           0x800'234d    0xa  Code  Gb  xmbcurmax.o [2]
__iar_Memchr             0x800'22f5         Code  Gb  memchr.o [4]
__iar_Memset4_word       0x800'6c8d         Code  Gb  ABImemset48.o [4]
__iar_Memset8_word       0x800'6c8d         Code  Gb  ABImemset48.o [4]
__iar_Sin64              0x800'6121  0x3b2  Code  Lc  cos_sin64.o [3]
__iar_Sto64              0x800'5ee9  0x19e  Code  Gb  strto64.o [3]
__iar_Stoflt             0x800'7aa5  0x1c4  Code  Gb  iar_Stoflt.o [2]
__iar_Stopfx             0x800'7981  0x122  Code  Gb  iar_Stopfx.o [2]
__iar_Stoulx             0x800'40c1  0x112  Code  Gb  iar_Stoulx.o [2]
__iar_Stoxflt            0x800'7c69  0x1e6  Code  Gb  iar_Stoxflt.o [2]
__iar_Stoxflt::digits    0x800'7e54   0x18  Data  Lc  iar_Stoxflt.o [2]
__iar_Stoxflt::vals      0x800'7e6c   0x18  Data  Lc  iar_Stoxflt.o [2]
__iar_Strchr             0x800'2231         Code  Gb  strchr.o [4]
__iar_cos64              0x800'6565    0x4  Code  Gb  cos_sin64.o [3]
__iar_cos_medium         0x800'6565    0x4  Code  Gb  cos_sin64.o [3]
__iar_cos_medium64       0x800'6565    0x4  Code  Gb  cos_sin64.o [3]
__iar_cos_mediuml        0x800'6565    0x4  Code  Gb  cos_sin64.o [3]
__iar_dadd               0x800'2a51         Code  Gb  DblSub.o [3]
__iar_data_init3         0x800'9171   0x28  Code  Gb  data_init.o [4]
__iar_dlmalloc           0x800'0e4d  0x2b6  Code  Gb  dlmalloc.o [2]
__iar_dsub               0x800'2dc5         Code  Gb  DblAdd.o [3]
__iar_dsubStart          0x800'2dd7         Code  Gb  DblAdd.o [3]
__iar_frexp              0x800'27e1         Code  Gb  frexp.o [3]
__iar_frexpl             0x800'27e1         Code  Gb  frexp.o [3]
__iar_globLocale        0x2000'0074   0x48  Data  Lc  xlocale_c.o [2]
__iar_global_Locale      0x800'21b9    0x4  Code  Gb  xlocale_c.o [2]
__iar_init_vfp           0x800'9199         Code  Gb  fpinit_M.o [3]
__iar_ldexp64            0x800'28a5         Code  Gb  ldexp.o [3]
__iar_lz77_init_single3
                         0x800'110f   0x7a  Code  Gb  lz77_init_single.o [4]
__iar_program_start      0x800'9221         Code  Gb  cstartup_M.o [4]
__iar_scalbln64          0x800'28a5         Code  Gb  ldexp.o [3]
__iar_scalbn64           0x800'28a5         Code  Gb  ldexp.o [3]
__iar_sin64              0x800'6569    0x4  Code  Gb  cos_sin64.o [3]
__iar_sin_medium         0x800'6569    0x4  Code  Gb  cos_sin64.o [3]
__iar_sin_medium64       0x800'6569    0x4  Code  Gb  cos_sin64.o [3]
__iar_sin_mediuml        0x800'6569    0x4  Code  Gb  cos_sin64.o [3]
__iar_softfp___iar_frexp64
                         0x800'27d5         Code  Gb  frexp.o [3]
__iar_softfp_frexp       0x800'27d5         Code  Gb  frexp.o [3]
__iar_softfp_frexpl      0x800'27d5         Code  Gb  frexp.o [3]
__iar_vfp_atof           0x800'423b    0x8  Code  Gb  math_wrappers64.o [3]
__iar_vfp_cos            0x800'4243    0xc  Code  Gb  math_wrappers64.o [3]
__iar_vfp_sin            0x800'424f    0xc  Code  Gb  math_wrappers64.o [3]
__iar_zero_init3         0x800'2143   0x3a  Code  Gb  zero_init3.o [4]
__low_level_init         0x800'91fb    0x4  Code  Gb  low_level_init.o [2]
__vector_table           0x800'0000         Data  Gb  startup_stm32f405xx.o [1]
_call_main               0x800'91e9         Code  Gb  cmain.o [4]
_cmd_help                0x800'3ced    0xc  Code  Lc  cmd.o [1]
_exit                    0x800'9205         Code  Gb  cexit.o [4]
_gLocale_mblen           0x800'221d    0x4  Code  Gb  xlocale_c.o [2]
_gLocale_mblenInt        0x800'21e1   0x2c  Code  Gb  xlocale_c.o [2]
_gLocale_wctomb          0x800'2221    0x4  Code  Gb  xlocale_c.o [2]
_gLocale_wctombInt       0x800'2219    0x4  Code  Gb  xlocale_c.o [2]
_gm_                    0x2000'00c0  0x1d8  Data  Lc  dlmalloc.o [2]
_main                    0x800'91f7         Code  Gb  cmain.o [4]
abort                    0x800'1109    0x6  Code  Gb  abort.o [2]
acceleration_mg         0x2000'07d8    0xc  Data  Lc  read_data_simple.o [1]
add_segment              0x800'0551  0x1f2  Code  Lc  dlmalloc.o [2]
angle_toshow             0x800'4501   0x3e  Code  Gb  calculate.o [1]
angular_rate_mdps       0x2000'07e4    0xc  Data  Lc  read_data_simple.o [1]
asm330lhh_acceleration_raw_get
                         0x800'8fc7    0x8  Code  Gb  asm330lhh_reg.o [1]
asm330lhh_angular_rate_raw_get
                         0x800'8fbf    0x8  Code  Gb  asm330lhh_reg.o [1]
asm330lhh_block_data_update_set
                         0x800'8fa5   0x12  Code  Gb  asm330lhh_reg.o [1]
asm330lhh_device_id_get
                         0x800'8fcf    0x8  Code  Gb  asm330lhh_reg.o [1]
asm330lhh_from_fs2000dps_to_mdps
                         0x800'8efd    0xe  Code  Gb  asm330lhh_reg.o [1]
asm330lhh_from_fs2g_to_mg
                         0x800'8ee5    0xe  Code  Gb  asm330lhh_reg.o [1]
asm330lhh_gy_data_rate_set
                         0x800'8f69   0x12  Code  Gb  asm330lhh_reg.o [1]
asm330lhh_gy_full_scale_set
                         0x800'8f57   0x12  Code  Gb  asm330lhh_reg.o [1]
asm330lhh_read_reg       0x800'8ecd    0xc  Code  Gb  asm330lhh_reg.o [1]
asm330lhh_reset_get      0x800'8fe9    0x6  Code  Gb  asm330lhh_reg.o [1]
asm330lhh_reset_set      0x800'8fd7   0x12  Code  Gb  asm330lhh_reg.o [1]
asm330lhh_status_reg_get
                         0x800'8fb7    0x2  Code  Gb  asm330lhh_reg.o [1]
asm330lhh_write_reg      0x800'8ed9    0xc  Code  Gb  asm330lhh_reg.o [1]
asm330lhh_xl_data_rate_set
                         0x800'8f2b   0x12  Code  Gb  asm330lhh_reg.o [1]
asm330lhh_xl_filter_lp2_set
                         0x800'9023   0x12  Code  Gb  asm330lhh_reg.o [1]
asm330lhh_xl_full_scale_set
                         0x800'8f15   0x16  Code  Gb  asm330lhh_reg.o [1]
asm330lhh_xl_hp_path_on_out_set
                         0x800'9049   0x2c  Code  Gb  asm330lhh_reg.o [1]
atof                     0x800'60cd    0x8  Code  Gb  strto64.o [3]
atoi                     0x800'41d9    0x2  Code  Gb  iar_Stoulx.o [2]
buffer_count            0x2000'04cc    0x4  Data  Gb  cmd.o [1]
calcul_XY                0x800'431d  0x1a6  Code  Gb  calculate.o [1]
calcul_dx                0x800'425d   0x38  Code  Gb  calculate.o [1]
calcul_dy                0x800'4295   0x36  Code  Gb  calculate.o [1]
can_callback_add         0x800'3dc5   0x1e  Code  Gb  can_utils.o [1]
can_callback_table      0x2000'0554    0x4  Data  Lc  can_utils.o [1]
can_exc_callback         0x800'3de3   0x1e  Code  Gb  can_utils.o [1]
can_exc_callback_flag   0x2000'0530    0x4  Data  Gb  can_utils.o [1]
can_func_init            0x800'581d    0xa  Code  Gb  can_func.o [1]
can_init                 0x800'3d3d   0x88  Code  Gb  can_utils.o [1]
can_rx_data             0x2000'0518    0x8  Data  Gb  can_utils.o [1]
can_send_test            0x800'3e25   0x2a  Code  Gb  can_utils.o [1]
can_suc_rx               0x800'5829    0x6  Code  Gb  can_func.o [1]
can_tx_data             0x2000'0520    0x8  Data  Gb  can_utils.o [1]
cmd_add                  0x800'3bf1   0x52  Code  Gb  cmd.o [1]
cmd_argv                0x2000'04d0   0x30  Data  Gb  cmd.o [1]
cmd_can_test             0x800'2f31   0x12  Code  Gb  cmd_func.o [1]
cmd_change_time_func     0x800'318f   0x2a  Code  Gb  cmd_func.o [1]
cmd_check_func           0x800'3231   0xdc  Code  Gb  cmd_func.o [1]
cmd_default_func         0x800'2f79   0xce  Code  Gb  cmd_func.o [1]
cmd_encoderXdir_func     0x800'3393   0x4a  Code  Gb  cmd_func.o [1]
cmd_encoderYdir_func     0x800'33dd   0x48  Code  Gb  cmd_func.o [1]
cmd_exec                 0x800'3ba9   0x2a  Code  Gb  cmd.o [1]
cmd_func_init            0x800'3471   0xee  Code  Gb  cmd_func.o [1]
cmd_hello_func           0x800'2f43    0x8  Code  Gb  cmd_func.o [1]
cmd_help_func            0x800'3bd5   0x1c  Code  Gb  cmd.o [1]
cmd_init                 0x800'3ac9   0x28  Code  Gb  cmd.o [1]
cmd_modify_CANID_func    0x800'315b   0x34  Code  Gb  cmd_func.o [1]
cmd_modify_C_func        0x800'30bd   0x44  Code  Gb  cmd_func.o [1]
cmd_modify_D_func        0x800'3101   0x42  Code  Gb  cmd_func.o [1]
cmd_parse                0x800'3b7d   0x2c  Code  Gb  cmd.o [1]
cmd_read_encoder_func    0x800'3069   0x2a  Code  Gb  cmd_func.o [1]
cmd_read_func            0x800'3047   0x22  Code  Gb  cmd_func.o [1]
cmd_reset_func           0x800'2f53   0x24  Code  Gb  cmd_func.o [1]
cmd_send_wave_func       0x800'3093   0x2a  Code  Gb  cmd_func.o [1]
cmd_setxy_func           0x800'31c1   0x58  Code  Gb  cmd_func.o [1]
cmd_show_func            0x800'3331   0x58  Code  Gb  cmd_func.o [1]
cmd_table               0x2000'0878    0x4  Data  Lc  cmd.o [1]
cmd_version_func         0x800'2f4b    0x8  Code  Gb  cmd_func.o [1]
cmpAtom                  0x800'4c65    0xc  Code  Lc  hash.o [1]
cos                      0x800'6565    0x4  Code  Gb  cos_sin64.o [3]
cosl                     0x800'6565    0x4  Code  Gb  cos_sin64.o [3]
data_raw_acceleration   0x2000'07c8    0x8  Data  Lc  read_data_simple.o [1]
data_raw_angular_rate   0x2000'07d0    0x8  Data  Lc  read_data_simple.o [1]
ddiv                     0x800'5c6d   0xc8  Code  Lc  strto64.o [3]
digits                   0x800'41e4   0x28  Data  Lc  iar_Stoulx.o [2]
dmul                     0x800'5ba1   0xca  Code  Lc  strto64.o [3]
encoder                 0x2000'07a4   0x10  Data  Gb  main.o [1]
encoder_init             0x800'7461   0x30  Code  Gb  encoder.o [1]
example_main_asm330lhh   0x800'7529  0x136  Code  Gb  read_data_simple.o [1]
exit                     0x800'91ff    0x4  Code  Gb  exit.o [2]
flag                    0x2000'07b4    0xc  Data  Gb  main.o [1]
flag_init                0x800'55f1    0xc  Code  Gb  main.o [1]
flash_data              0x2000'0608   0x48  Data  Gb  flash.o [1]
freeKeyAtom              0x800'4c75    0x2  Code  Lc  hash.o [1]
hashAtom                 0x800'4c71    0x4  Code  Lc  hash.o [1]
hashStr                  0x800'4c77   0x20  Code  Gb  hash.o [1]
hash_id                  0x800'3e5d    0x4  Code  Lc  can_utils.o [1]
hcan1                   0x2000'07f0   0x28  Data  Gb  can.o [1]
hdma_usart2_rx          0x2000'03a8   0x60  Data  Gb  usart.o [1]
hdma_usart2_tx          0x2000'0408   0x60  Data  Gb  usart.o [1]
hi2c3                   0x2000'05b4   0x54  Data  Gb  i2c.o [1]
hspi2                   0x2000'055c   0x58  Data  Gb  spi.o [1]
htim2                   0x2000'0650   0x40  Data  Gb  tim.o [1]
htim3                   0x2000'0690   0x40  Data  Gb  tim.o [1]
htim4                   0x2000'06d0   0x40  Data  Gb  tim.o [1]
htim6                   0x2000'0710   0x40  Data  Gb  tim.o [1]
huart2                  0x2000'0750   0x40  Data  Gb  usart.o [1]
id_cmp                   0x800'3e61   0x10  Code  Lc  can_utils.o [1]
init_mparams             0x800'01a3   0x32  Code  Lc  dlmalloc.o [2]
init_top                 0x800'01d5   0x36  Code  Lc  dlmalloc.o [2]
inputangle              0x2000'087c    0x4  Data  Gb  main.o [1]
isalpha                  0x800'90a3   0x14  Code  Gb  isalpha.o [2]
isspace                  0x800'5b75   0x14  Code  Gb  isspace.o [2]
kx_center               0x2000'0000    0x4  Data  Gb  calculate.o [1]
ky_center               0x2000'0004    0x4  Data  Gb  calculate.o [1]
ldexp                    0x800'28a5         Code  Gb  ldexp.o [3]
ldexpl                   0x800'28a5         Code  Gb  ldexp.o [3]
load_prams               0x800'3edd   0xa0  Code  Gb  flash.o [1]
localeconv               0x800'2225    0x4  Code  Gb  xlocale_c.o [2]
main                     0x800'55fd  0x10c  Code  Gb  main.o [1]
memchr                   0x800'22f5         Code  Gb  memchr.o [4]
mparams                 0x2000'0860   0x18  Data  Lc  dlmalloc.o [2]
ndigs                    0x800'420c   0x28  Data  Lc  iar_Stoulx.o [2]
pFlash                  0x2000'0840   0x20  Data  Gb  stm32f4xx_hal_flash.o [1]
platform_read            0x800'74c9   0x2c  Code  Lc  read_data_simple.o [1]
platform_write           0x800'74a5   0x24  Code  Lc  read_data_simple.o [1]
pows                     0x800'60d8   0x48  Data  Lc  strto64.o [3]
prepend_alloc            0x800'020b  0x346  Code  Lc  dlmalloc.o [2]
print_buffer            0x2000'0340   0x68  Data  Gb  cmd.o [1]
rst                     0x2000'07c5    0x1  Data  Lc  read_data_simple.o [1]
rx_buffer               0x2000'0528    0x8  Data  Lc  can_utils.o [1]
rx_id                   0x2000'0550    0x4  Data  Lc  can_utils.o [1]
s                       0x2000'0010   0x18  Data  Lc  cmd.o [1]
scalbln                  0x800'28a5         Code  Gb  ldexp.o [3]
scalblnl                 0x800'28a5         Code  Gb  ldexp.o [3]
scalbn                   0x800'28a5         Code  Gb  ldexp.o [3]
scalbnl                  0x800'28a5         Code  Gb  ldexp.o [3]
scale                    0x800'19ab   0x46  Code  Lc  xprintffull.o [2]
sec_hand                0x2000'0884    0x4  Data  Lc  xfail_s.o [2]
segment_holding          0x800'0189   0x1a  Code  Lc  dlmalloc.o [2]
send_wave                0x800'3c83   0x44  Code  Gb  cmd.o [1]
simplelib_init           0x800'73fd   0x22  Code  Gb  simplelib.o [1]
simplelib_run            0x800'741f   0x20  Code  Gb  simplelib.o [1]
sin                      0x800'6569    0x4  Code  Gb  cos_sin64.o [3]
sinl                     0x800'6569    0x4  Code  Gb  cos_sin64.o [3]
str_cmp                  0x800'3cdd    0xe  Code  Lc  cmd.o [1]
strchr                   0x800'2231         Code  Gb  strchr.o [4]
strcmp                   0x800'4f85         Code  Gb  strcmp.o [4]
strcpy                   0x800'4eb1         Code  Gb  strcpy.o [4]
strcspn                  0x800'6ce1   0x22  Code  Gb  strcspn.o [2]
strlen                   0x800'22a5         Code  Gb  strlen.o [4]
strspn                   0x800'6cbf   0x22  Code  Gb  strspn.o [2]
strtok                   0x800'4efd   0x4c  Code  Gb  strtok.o [2]
sys_alloc                0x800'0749  0x164  Code  Lc  dlmalloc.o [2]
time                    0x2000'0028    0x4  Data  Gb  main.o [1]
time_ms                 0x2000'07c0    0x4  Data  Lc  main.o [1]
tmalloc_large            0x800'08b9  0x386  Code  Lc  dlmalloc.o [2]
tmalloc_small            0x800'0c3f  0x200  Code  Lc  dlmalloc.o [2]
tolower                  0x800'5b89   0x14  Code  Gb  tolower.o [2]
triangle                0x2000'0790   0x14  Data  Gb  main.o [1]
uprintf                  0x800'3c43   0x40  Code  Gb  cmd.o [1]
usart_DMA_init           0x800'3a9d   0x2a  Code  Gb  cmd.o [1]
usart_exc_DMA            0x800'3af1   0x28  Code  Gb  cmd.o [1]
uwTick                  0x2000'0030    0x4  Data  Gb  stm32f4xx_hal.o [1]
uwTickFreq              0x2000'002c    0x1  Data  Gb  stm32f4xx_hal.o [1]
uwTickPrio              0x2000'0034    0x4  Data  Gb  stm32f4xx_hal.o [1]
vsnprintf                0x800'4f49   0x3c  Code  Gb  vsnprint.o [2]
whoamI                  0x2000'07c4    0x1  Data  Lc  read_data_simple.o [1]
write_prams              0x800'3e7d   0x5e  Code  Gb  flash.o [1]
y_diameter              0x2000'000c    0x4  Data  Gb  calculate.o [1]


[1] = E:\ROBOCON------VALLUE\NEW_POS_19\EWARM\NEW_POS_19\Obj
[2] = dl7M_tlf.a
[3] = m7M_tls.a
[4] = rt7M_tl.a
[5] = shb_l.a

  37 674 bytes of readonly  code memory
     149 bytes of readonly  data memory
   7 306 bytes of readwrite data memory

Errors: none
Warnings: none
