###############################################################################
#
# IAR ELF Linker V8.30.1.114/W32 for ARM                  09/Oct/2019  22:59:45
# Copyright 2007-2018 IAR Systems AB.
#
#    Output file  =  
#        E:\ROBOCON------VALLUE\NEW_POS_19\EWARM\NEW_POS_19\Exe\NEW_POS_19.out
#    Map file     =  
#        E:\ROBOCON------VALLUE\NEW_POS_19\EWARM\NEW_POS_19\List\NEW_POS_19.map
#    Command line =  
#        -f C:\Users\DELL\AppData\Local\Temp\EWD1EB.tmp
#        (E:\ROBOCON------VALLUE\NEW_POS_19\EWARM\NEW_POS_19\Obj\as5047p.o
#        E:\ROBOCON------VALLUE\NEW_POS_19\EWARM\NEW_POS_19\Obj\ASM330.o
#        E:\ROBOCON------VALLUE\NEW_POS_19\EWARM\NEW_POS_19\Obj\calculate.o
#        E:\ROBOCON------VALLUE\NEW_POS_19\EWARM\NEW_POS_19\Obj\can.o
#        E:\ROBOCON------VALLUE\NEW_POS_19\EWARM\NEW_POS_19\Obj\can_func.o
#        E:\ROBOCON------VALLUE\NEW_POS_19\EWARM\NEW_POS_19\Obj\can_utils.o
#        E:\ROBOCON------VALLUE\NEW_POS_19\EWARM\NEW_POS_19\Obj\cmd.o
#        E:\ROBOCON------VALLUE\NEW_POS_19\EWARM\NEW_POS_19\Obj\cmd_func.o
#        E:\ROBOCON------VALLUE\NEW_POS_19\EWARM\NEW_POS_19\Obj\dma.o
#        E:\ROBOCON------VALLUE\NEW_POS_19\EWARM\NEW_POS_19\Obj\encoder.o
#        E:\ROBOCON------VALLUE\NEW_POS_19\EWARM\NEW_POS_19\Obj\filter.o
#        E:\ROBOCON------VALLUE\NEW_POS_19\EWARM\NEW_POS_19\Obj\flash.o
#        E:\ROBOCON------VALLUE\NEW_POS_19\EWARM\NEW_POS_19\Obj\gpio.o
#        E:\ROBOCON------VALLUE\NEW_POS_19\EWARM\NEW_POS_19\Obj\hash.o
#        E:\ROBOCON------VALLUE\NEW_POS_19\EWARM\NEW_POS_19\Obj\i2c.o
#        E:\ROBOCON------VALLUE\NEW_POS_19\EWARM\NEW_POS_19\Obj\main.o
#        E:\ROBOCON------VALLUE\NEW_POS_19\EWARM\NEW_POS_19\Obj\simplelib.o
#        E:\ROBOCON------VALLUE\NEW_POS_19\EWARM\NEW_POS_19\Obj\spi.o
#        E:\ROBOCON------VALLUE\NEW_POS_19\EWARM\NEW_POS_19\Obj\startup_stm32f405xx.o
#        E:\ROBOCON------VALLUE\NEW_POS_19\EWARM\NEW_POS_19\Obj\stm32f4xx_hal.o
#        E:\ROBOCON------VALLUE\NEW_POS_19\EWARM\NEW_POS_19\Obj\stm32f4xx_hal_can.o
#        E:\ROBOCON------VALLUE\NEW_POS_19\EWARM\NEW_POS_19\Obj\stm32f4xx_hal_cortex.o
#        E:\ROBOCON------VALLUE\NEW_POS_19\EWARM\NEW_POS_19\Obj\stm32f4xx_hal_dma.o
#        E:\ROBOCON------VALLUE\NEW_POS_19\EWARM\NEW_POS_19\Obj\stm32f4xx_hal_dma_ex.o
#        E:\ROBOCON------VALLUE\NEW_POS_19\EWARM\NEW_POS_19\Obj\stm32f4xx_hal_exti.o
#        E:\ROBOCON------VALLUE\NEW_POS_19\EWARM\NEW_POS_19\Obj\stm32f4xx_hal_flash.o
#        E:\ROBOCON------VALLUE\NEW_POS_19\EWARM\NEW_POS_19\Obj\stm32f4xx_hal_flash_ex.o
#        E:\ROBOCON------VALLUE\NEW_POS_19\EWARM\NEW_POS_19\Obj\stm32f4xx_hal_flash_ramfunc.o
#        E:\ROBOCON------VALLUE\NEW_POS_19\EWARM\NEW_POS_19\Obj\stm32f4xx_hal_gpio.o
#        E:\ROBOCON------VALLUE\NEW_POS_19\EWARM\NEW_POS_19\Obj\stm32f4xx_hal_i2c.o
#        E:\ROBOCON------VALLUE\NEW_POS_19\EWARM\NEW_POS_19\Obj\stm32f4xx_hal_i2c_ex.o
#        E:\ROBOCON------VALLUE\NEW_POS_19\EWARM\NEW_POS_19\Obj\stm32f4xx_hal_msp.o
#        E:\ROBOCON------VALLUE\NEW_POS_19\EWARM\NEW_POS_19\Obj\stm32f4xx_hal_pwr.o
#        E:\ROBOCON------VALLUE\NEW_POS_19\EWARM\NEW_POS_19\Obj\stm32f4xx_hal_pwr_ex.o
#        E:\ROBOCON------VALLUE\NEW_POS_19\EWARM\NEW_POS_19\Obj\stm32f4xx_hal_rcc.o
#        E:\ROBOCON------VALLUE\NEW_POS_19\EWARM\NEW_POS_19\Obj\stm32f4xx_hal_rcc_ex.o
#        E:\ROBOCON------VALLUE\NEW_POS_19\EWARM\NEW_POS_19\Obj\stm32f4xx_hal_spi.o
#        E:\ROBOCON------VALLUE\NEW_POS_19\EWARM\NEW_POS_19\Obj\stm32f4xx_hal_tim.o
#        E:\ROBOCON------VALLUE\NEW_POS_19\EWARM\NEW_POS_19\Obj\stm32f4xx_hal_tim_ex.o
#        E:\ROBOCON------VALLUE\NEW_POS_19\EWARM\NEW_POS_19\Obj\stm32f4xx_hal_uart.o
#        E:\ROBOCON------VALLUE\NEW_POS_19\EWARM\NEW_POS_19\Obj\stm32f4xx_it.o
#        E:\ROBOCON------VALLUE\NEW_POS_19\EWARM\NEW_POS_19\Obj\system_stm32f4xx.o
#        E:\ROBOCON------VALLUE\NEW_POS_19\EWARM\NEW_POS_19\Obj\tim.o
#        E:\ROBOCON------VALLUE\NEW_POS_19\EWARM\NEW_POS_19\Obj\usart.o
#        --redirect _Printf=_PrintfFull --redirect _Scanf=_ScanfFull
#        --no_out_extension -o
#        E:\ROBOCON------VALLUE\NEW_POS_19\EWARM\NEW_POS_19\Exe\NEW_POS_19.out
#        --map
#        E:\ROBOCON------VALLUE\NEW_POS_19\EWARM\NEW_POS_19\List\NEW_POS_19.map
#        --config E:\ROBOCON------VALLUE\NEW_POS_19\EWARM/stm32f405xx_flash.icf
#        --semihosting --entry __iar_program_start --vfe --text_out locale)
#
###############################################################################

*******************************************************************************
*** RUNTIME MODEL ATTRIBUTES
***

CppFlavor       = *
__Heap_Handler  = DLMalloc
__SystemLibrary = DLib
__dlib_version  = 6


*******************************************************************************
*** HEAP SELECTION
***

The advanced heap was selected because the application calls memory
allocation functions outside of system library functions, and there
are calls to deallocation functions in the application.


*******************************************************************************
*** PLACEMENT SUMMARY
***

"A0":  place at 0x800'0000 { ro section .intvec };
"P1":  place in [from 0x800'0000 to 0x80f'ffff] { ro };
define block CSTACK with size = 1K, alignment = 8 { };
define block HEAP with size = 512, alignment = 8 { };
"P2":  place in [from 0x2000'0000 to 0x2001'ffff] {
          rw, block CSTACK, block HEAP };
initialize by copy { rw };

  Section            Kind         Address    Size  Object
  -------            ----         -------    ----  ------
"A0":                                       0x188
  .intvec            ro code   0x800'0000   0x188  startup_stm32f405xx.o [1]
                             - 0x800'0188   0x188

"P1":                                      0x71bd
  .text              ro code   0x800'0188   0xf80  dlmalloc.o [2]
  .text              ro code   0x800'1108     0x6  abort.o [2]
  .text              ro code   0x800'110e    0x7a  lz77_init_single.o [4]
  .text              ro code   0x800'1188    0x2c  xgetmemchunk.o [2]
  .text              ro code   0x800'11b4    0x14  exit.o [5]
  .text              ro code   0x800'11c8   0xf7a  xprintffull.o [2]
  .text              ro code   0x800'2142    0x3a  zero_init3.o [4]
  .text              ro code   0x800'217c    0x78  xlocale_c.o [2]
  .text              ro code   0x800'21f4    0x16  strchr.o [4]
  .text              ro code   0x800'220a    0x1e  xencoding_8859_1.o [2]
  .text              ro code   0x800'2228    0x40  xfail_s.o [2]
  .text              ro code   0x800'2268    0x36  strlen.o [4]
  .text              ro code   0x800'229e    0x1a  xsnprout.o [2]
  .text              ro code   0x800'22b8    0x58  memchr.o [4]
  .text              ro code   0x800'2310     0xa  xmbcurmax.o [2]
  .text              ro code   0x800'231c    0xa6  ABImemcpy.o [4]
  .text              ro code   0x800'23c4   0x230  I64DivMod.o [4]
  .text              ro code   0x800'25f4   0x1a2  DblMul.o [3]
  .text              ro code   0x800'2798    0x70  frexp.o [3]
  .text              ro code   0x800'2808    0x2e  DblCmpLe.o [3]
  .text              ro code   0x800'2838    0x2e  DblCmpGe.o [3]
  .text              ro code   0x800'2868   0x13a  ldexp.o [3]
  .text              ro code   0x800'29a4    0x3a  DblToS32.o [3]
  .text              ro code   0x800'29e0    0x22  S32ToDbl.o [3]
  .text              ro code   0x800'2a04    0xe2  DblSub.o [3]
  .text              ro code   0x800'2ae8   0x246  DblDiv.o [3]
  .text              ro code   0x800'2d30    0x28  DblToU32.o [3]
  .text              ro code   0x800'2d58    0x1a  U32ToDbl.o [3]
  .text              ro code   0x800'2d74     0x2  I64DivZer.o [4]
  .text              ro code   0x800'2d78   0x17a  DblAdd.o [3]
  .text              ro code   0x800'2ef4   0x634  stm32f4xx_hal_spi.o [1]
  .text              ro code   0x800'3528   0x1b0  spi.o [1]
  .text              ro code   0x800'36d8     0xc  stm32f4xx_hal.o [1]
  .text              ro code   0x800'36e4   0x1f4  main.o [1]
  .text              ro code   0x800'38d8     0x6  ABImemclr4.o [4]
  .text              ro code   0x800'38e0   0x1d8  stm32f4xx_hal_gpio.o [1]
  .text              ro code   0x800'3ab8    0x34  stm32f4xx_hal.o [1]
  .text              ro code   0x800'3aec    0xd0  gpio.o [1]
  .text              ro code   0x800'3bbc    0x44  dma.o [1]
  .text              ro code   0x800'3c00    0xd0  can.o [1]
  .text              ro code   0x800'3cd0    0xe4  i2c.o [1]
  .text              ro code   0x800'3db4   0x294  tim.o [1]
  .text              ro code   0x800'4048   0x134  usart.o [1]
  .text              ro code   0x800'417c   0x18c  ASM330.o [1]
  .text              ro code   0x800'4308    0x44  encoder.o [1]
  .text              ro code   0x800'434c   0x23c  cmd.o [1]
  .text              ro code   0x800'4588    0x64  simplelib.o [1]
  .text              ro code   0x800'45ec    0xb0  flash.o [1]
  .text              ro code   0x800'469c   0x336  calculate.o [1]
  .text              ro code   0x800'49d4    0x48  FltToDbl.o [3]
  .text              ro code   0x800'4a1c   0x2f8  stm32f4xx_hal_rcc.o [1]
  .text              ro code   0x800'4d14   0x1a8  stm32f4xx_hal_rcc.o [1]
  .text              ro code   0x800'4ebc    0x32  ABImemset48.o [4]
  .text              ro code   0x800'4ef0    0xc4  stm32f4xx_hal_cortex.o [1]
  .text              ro code   0x800'4fb4    0x40  stm32f4xx_hal.o [1]
  .text              ro code   0x800'4ff4    0x38  stm32f4xx_hal_msp.o [1]
  .text              ro code   0x800'502c   0x61e  stm32f4xx_hal_can.o [1]
  .text              ro code   0x800'564c   0x13c  stm32f4xx_hal_i2c.o [1]
  .text              ro code   0x800'5788   0x444  stm32f4xx_hal_tim.o [1]
  .text              ro code   0x800'5bcc    0x3e  stm32f4xx_hal_tim_ex.o [1]
  .text              ro code   0x800'5c0c   0x5f0  stm32f4xx_hal_uart.o [1]
  .text              ro code   0x800'61fc   0x380  stm32f4xx_hal_dma.o [1]
  .text              ro code   0x800'657c    0x28  stm32f4xx_hal.o [1]
  .text              ro code   0x800'65a4   0x244  hash.o [1]
  .text              ro code   0x800'67e8    0x4c  strtok.o [2]
  .text              ro code   0x800'6834    0x4c  strcpy.o [4]
  .text              ro code   0x800'6880    0x3c  vsnprint.o [2]
  .text              ro code   0x800'68bc    0x4a  strcmp.o [4]
  .text              ro code   0x800'6908   0x140  can_utils.o [1]
  .text              ro code   0x800'6a48    0x8c  cmd_func.o [1]
  .text              ro code   0x800'6ad4    0x20  can_func.o [1]
  .text              ro code   0x800'6af4    0x1e  math_wrappers64.o [3]
  .text              ro code   0x800'6b14    0x68  DblToFlt.o [3]
  .text              ro code   0x800'6b7c     0x2  stm32f4xx_hal_can.o [1]
  .text              ro code   0x800'6b7e     0x2  stm32f4xx_hal_can.o [1]
  .text              ro code   0x800'6b80     0x2  stm32f4xx_hal_can.o [1]
  .text              ro code   0x800'6b82     0x2  stm32f4xx_hal_can.o [1]
  .text              ro code   0x800'6b84     0x2  stm32f4xx_hal_can.o [1]
  .text              ro code   0x800'6b86     0x2  stm32f4xx_hal_can.o [1]
  .text              ro code   0x800'6b88     0x2  stm32f4xx_hal_can.o [1]
  .text              ro code   0x800'6b8a     0x2  stm32f4xx_hal_can.o [1]
  .text              ro code   0x800'6b8c     0x2  stm32f4xx_hal_can.o [1]
  .text              ro code   0x800'6b8e     0x2  stm32f4xx_hal_can.o [1]
  .text              ro code   0x800'6b90     0x2  stm32f4xx_hal_can.o [1]
  .text              ro code   0x800'6b92     0x2  stm32f4xx_hal_uart.o [1]
  .text              ro code   0x800'6b94     0x2  stm32f4xx_hal_uart.o [1]
  .text              ro code   0x800'6b96     0x2  stm32f4xx_hal_uart.o [1]
  .text              ro code   0x800'6b98     0x2  stm32f4xx_hal_uart.o [1]
  .text              ro code   0x800'6b9a     0x2  stm32f4xx_hal_uart.o [1]
  .text              ro code   0x800'6b9c    0x24  ABIassert.o [5]
  .text              ro code   0x800'6bc0    0x22  strspn.o [2]
  .text              ro code   0x800'6be2    0x22  strcspn.o [2]
  .text              ro code   0x800'6c04   0x44c  cos_sin64.o [3]
  .text              ro code   0x800'7050    0x60  system_stm32f4xx.o [1]
  .text              ro code   0x800'70b0    0x44  stm32f4xx_it.o [1]
  .text              ro code   0x800'70f4    0x10  stm32f4xx_hal.o [1]
  .text              ro code   0x800'7104    0x28  data_init.o [4]
  .text              ro code   0x800'712c    0x22  fpinit_M.o [3]
  .iar.init_table    const     0x800'7150    0x20  - Linker created -
  .text              ro code   0x800'7170    0x1e  cmain.o [4]
  .text              ro code   0x800'718e     0x4  low_level_init.o [2]
  .text              ro code   0x800'7192     0x4  exit.o [2]
  .text              ro code   0x800'7198     0xa  cexit.o [4]
  .text              ro code   0x800'71a4    0x10  startup_stm32f405xx.o [1]
  .text              ro code   0x800'71b4     0xc  cstartup_M.o [4]
  .rodata            const     0x800'71c0     0x8  system_stm32f4xx.o [1]
  .rodata            const     0x800'71c8     0x6  xlocale_c.o [2]
  .text              ro code   0x800'71ce     0x4  startup_stm32f405xx.o [1]
  .text              ro code   0x800'71d2     0x4  startup_stm32f405xx.o [1]
  .text              ro code   0x800'71d6     0x4  startup_stm32f405xx.o [1]
  .text              ro code   0x800'71da     0x4  startup_stm32f405xx.o [1]
  .text              ro code   0x800'71de     0x4  startup_stm32f405xx.o [1]
  .text              ro code   0x800'71e2     0x4  startup_stm32f405xx.o [1]
  .text              ro code   0x800'71e6     0x4  startup_stm32f405xx.o [1]
  .text              ro code   0x800'71ea     0x4  startup_stm32f405xx.o [1]
  .text              ro code   0x800'71ee     0x4  startup_stm32f405xx.o [1]
  .text              ro code   0x800'71f2     0x4  startup_stm32f405xx.o [1]
  .text              ro code   0x800'71f6     0x4  startup_stm32f405xx.o [1]
  .text              ro code   0x800'71fa     0x4  startup_stm32f405xx.o [1]
  .text              ro code   0x800'71fe     0x4  startup_stm32f405xx.o [1]
  .text              ro code   0x800'7202     0x4  startup_stm32f405xx.o [1]
  .text              ro code   0x800'7206     0x4  startup_stm32f405xx.o [1]
  .text              ro code   0x800'720a     0x4  startup_stm32f405xx.o [1]
  .text              ro code   0x800'720e     0x4  startup_stm32f405xx.o [1]
  .text              ro code   0x800'7212     0x4  startup_stm32f405xx.o [1]
  .text              ro code   0x800'7216     0x4  startup_stm32f405xx.o [1]
  .text              ro code   0x800'721a     0x4  startup_stm32f405xx.o [1]
  .text              ro code   0x800'721e     0x4  startup_stm32f405xx.o [1]
  .text              ro code   0x800'7222     0x4  startup_stm32f405xx.o [1]
  .text              ro code   0x800'7226     0x4  startup_stm32f405xx.o [1]
  .text              ro code   0x800'722a     0x4  startup_stm32f405xx.o [1]
  .text              ro code   0x800'722e     0x4  startup_stm32f405xx.o [1]
  .text              ro code   0x800'7232     0x4  startup_stm32f405xx.o [1]
  .text              ro code   0x800'7236     0x4  startup_stm32f405xx.o [1]
  .text              ro code   0x800'723a     0x4  startup_stm32f405xx.o [1]
  .text              ro code   0x800'723e     0x4  startup_stm32f405xx.o [1]
  .text              ro code   0x800'7242     0x4  startup_stm32f405xx.o [1]
  .text              ro code   0x800'7246     0x4  startup_stm32f405xx.o [1]
  .text              ro code   0x800'724a     0x4  startup_stm32f405xx.o [1]
  .text              ro code   0x800'724e     0x4  startup_stm32f405xx.o [1]
  .text              ro code   0x800'7252     0x4  startup_stm32f405xx.o [1]
  .text              ro code   0x800'7256     0x4  startup_stm32f405xx.o [1]
  .text              ro code   0x800'725a     0x4  startup_stm32f405xx.o [1]
  .text              ro code   0x800'725e     0x4  startup_stm32f405xx.o [1]
  .text              ro code   0x800'7262     0x4  startup_stm32f405xx.o [1]
  .text              ro code   0x800'7266     0x4  startup_stm32f405xx.o [1]
  .text              ro code   0x800'726a     0x4  startup_stm32f405xx.o [1]
  .text              ro code   0x800'726e     0x4  startup_stm32f405xx.o [1]
  .text              ro code   0x800'7272     0x4  startup_stm32f405xx.o [1]
  .text              ro code   0x800'7276     0x4  startup_stm32f405xx.o [1]
  .text              ro code   0x800'727a     0x4  startup_stm32f405xx.o [1]
  .text              ro code   0x800'727e     0x4  startup_stm32f405xx.o [1]
  .text              ro code   0x800'7282     0x4  startup_stm32f405xx.o [1]
  .text              ro code   0x800'7286     0x4  startup_stm32f405xx.o [1]
  .text              ro code   0x800'728a     0x4  startup_stm32f405xx.o [1]
  .text              ro code   0x800'728e     0x4  startup_stm32f405xx.o [1]
  .text              ro code   0x800'7292     0x4  startup_stm32f405xx.o [1]
  .text              ro code   0x800'7296     0x4  startup_stm32f405xx.o [1]
  .text              ro code   0x800'729a     0x4  startup_stm32f405xx.o [1]
  .text              ro code   0x800'729e     0x4  startup_stm32f405xx.o [1]
  .text              ro code   0x800'72a2     0x4  startup_stm32f405xx.o [1]
  .text              ro code   0x800'72a6     0x4  startup_stm32f405xx.o [1]
  .text              ro code   0x800'72aa     0x4  startup_stm32f405xx.o [1]
  .text              ro code   0x800'72ae     0x4  startup_stm32f405xx.o [1]
  .text              ro code   0x800'72b2     0x4  startup_stm32f405xx.o [1]
  .text              ro code   0x800'72b6     0x4  startup_stm32f405xx.o [1]
  .text              ro code   0x800'72ba     0x4  startup_stm32f405xx.o [1]
  .text              ro code   0x800'72be     0x4  startup_stm32f405xx.o [1]
  .text              ro code   0x800'72c2     0x4  startup_stm32f405xx.o [1]
  .text              ro code   0x800'72c6     0x4  startup_stm32f405xx.o [1]
  .text              ro code   0x800'72ca     0x4  startup_stm32f405xx.o [1]
  .text              ro code   0x800'72ce     0x4  startup_stm32f405xx.o [1]
  .text              ro code   0x800'72d2     0x4  startup_stm32f405xx.o [1]
  .text              ro code   0x800'72d6     0x4  startup_stm32f405xx.o [1]
  .text              ro code   0x800'72da     0x4  startup_stm32f405xx.o [1]
  .text              ro code   0x800'72de     0x4  startup_stm32f405xx.o [1]
  .text              ro code   0x800'72e2     0x4  startup_stm32f405xx.o [1]
  .text              ro code   0x800'72e6     0x4  startup_stm32f405xx.o [1]
  .text              ro code   0x800'72ea     0x4  startup_stm32f405xx.o [1]
  .rodata            const     0x800'72ee     0x0  zero_init3.o [4]
  .rodata            const     0x800'72ee     0x0  lz77_init_single.o [4]
  Initializer bytes  const     0x800'72ee    0x57  <for P2-1>
                             - 0x800'7345  0x71bd

"P2", part 1 of 3:                           0xf8
  P2-1                        0x2000'0000    0xf8  <Init block>
    .data            inited   0x2000'0000    0x10  calculate.o [1]
    .data            inited   0x2000'0010     0x8  calculate.o [1]
    .data            inited   0x2000'0018    0x18  cmd.o [1]
    .data            inited   0x2000'0030    0x38  main.o [1]
    .data            inited   0x2000'0068     0xc  stm32f4xx_hal.o [1]
    .data            inited   0x2000'0074     0x4  system_stm32f4xx.o [1]
    .data            inited   0x2000'0078    0x38  xlocale_c.o [2]
    .data            inited   0x2000'00b0    0x48  xlocale_c.o [2]
                            - 0x2000'00f8    0xf8

"P2", part 2 of 3:                          0x7bc
  .bss               zero     0x2000'00f8   0x1d8  dlmalloc.o [2]
  .bss               zero     0x2000'02d0   0x110  cmd.o [1]
  .bss               zero     0x2000'03e0    0xc0  usart.o [1]
  .bss               zero     0x2000'04a0    0x98  cmd.o [1]
  .bss               zero     0x2000'0538    0x5c  can_utils.o [1]
  .bss               zero     0x2000'0594    0x58  spi.o [1]
  .bss               zero     0x2000'05ec    0x58  spi.o [1]
  .bss               zero     0x2000'0644    0x58  spi.o [1]
  .bss               zero     0x2000'069c    0x54  i2c.o [1]
  .bss               zero     0x2000'06f0    0x48  flash.o [1]
  .bss               zero     0x2000'0738    0x40  tim.o [1]
  .bss               zero     0x2000'0778    0x40  tim.o [1]
  .bss               zero     0x2000'07b8    0x40  tim.o [1]
  .bss               zero     0x2000'07f8    0x40  usart.o [1]
  .bss               zero     0x2000'0838    0x28  can.o [1]
  .bss               zero     0x2000'0860    0x28  can_utils.o [1]
  .bss               zero     0x2000'0888    0x18  dlmalloc.o [2]
  .bss               zero     0x2000'08a0     0x4  cmd.o [1]
  .bss               zero     0x2000'08a4     0x4  main.o [1]
  .bss               zero     0x2000'08a8     0x4  strtok.o [2]
  .bss               zero     0x2000'08ac     0x4  xfail_s.o [2]
  .bss               zero     0x2000'08b0     0x4  xgetmemchunk.o [2]
                            - 0x2000'08b4   0x7bc

"P2", part 3 of 3:                          0x600
  CSTACK                      0x2000'08b8   0x400  <Block>
    CSTACK           uninit   0x2000'08b8   0x400  <Block tail>
  HEAP                        0x2000'0cb8   0x200  <Block>
    HEAP             uninit   0x2000'0cb8   0x200  <Block tail>
                            - 0x2000'0eb8   0x600

Unused ranges:

         From           To      Size
         ----           --      ----
   0x800'7345   0x80f'ffff  0xf'8cbb
  0x2000'08b4  0x2000'08b7       0x4
  0x2000'0eb8  0x2001'ffff  0x1'f148


*******************************************************************************
*** INIT TABLE
***

          Address      Size
          -------      ----
Zero (__iar_zero_init3)
    1 destination range, total size 0x7bc:
          0x2000'00f8  0x7bc

Copy/lz77 (__iar_lz77_init_single3)
    1 source range, total size 0x57 (35% of destination):
           0x800'72ee   0x57
    1 destination range, total size 0xf8:
          0x2000'0000   0xf8



*******************************************************************************
*** MODULE SUMMARY
***

    Module                  ro code  ro data  rw data
    ------                  -------  -------  -------
command line/config:
    -------------------------------------------------
    Total:

E:\ROBOCON------VALLUE\NEW_POS_19\EWARM\NEW_POS_19\Obj: [1]
    ASM330.o                    396
    calculate.o                 822        8       24
    can.o                       208                40
    can_func.o                   32
    can_utils.o                 320               132
    cmd.o                       572        8      452
    cmd_func.o                  140
    dma.o                        68
    encoder.o                    68
    flash.o                     176                72
    gpio.o                      208
    hash.o                      580
    i2c.o                       228                84
    main.o                      500       20       60
    simplelib.o                 100
    spi.o                       432               264
    startup_stm32f405xx.o       696
    stm32f4xx_hal.o             184        4       12
    stm32f4xx_hal_can.o       1 588
    stm32f4xx_hal_cortex.o      196
    stm32f4xx_hal_dma.o         896
    stm32f4xx_hal_gpio.o        472
    stm32f4xx_hal_i2c.o         316
    stm32f4xx_hal_msp.o          56
    stm32f4xx_hal_rcc.o       1 184
    stm32f4xx_hal_spi.o       1 588
    stm32f4xx_hal_tim.o       1 092
    stm32f4xx_hal_tim_ex.o       62
    stm32f4xx_hal_uart.o      1 530
    stm32f4xx_it.o               68
    system_stm32f4xx.o           96       10        4
    tim.o                       660               192
    usart.o                     308               256
    -------------------------------------------------
    Total:                   15 842       50    1 592

dl7M_tlf.a: [2]
    abort.o                       6
    dlmalloc.o                3 968               496
    exit.o                        4
    low_level_init.o              4
    strcspn.o                    34
    strspn.o                     34
    strtok.o                     76                 4
    vsnprint.o                   60
    xencoding_8859_1.o           30
    xfail_s.o                    64                 4
    xgetmemchunk.o               44                 4
    xlocale_c.o                 120       51      128
    xmbcurmax.o                  10
    xprintffull.o             3 962
    xsnprout.o                   26
    -------------------------------------------------
    Total:                    8 442       51      636

m7M_tls.a: [3]
    DblAdd.o                    378
    DblCmpGe.o                   46
    DblCmpLe.o                   46
    DblDiv.o                    582
    DblMul.o                    418
    DblSub.o                    226
    DblToFlt.o                  104
    DblToS32.o                   58
    DblToU32.o                   40
    FltToDbl.o                   72
    S32ToDbl.o                   34
    U32ToDbl.o                   26
    cos_sin64.o               1 100
    fpinit_M.o                   34
    frexp.o                     112
    ldexp.o                     314
    math_wrappers64.o            30
    -------------------------------------------------
    Total:                    3 620

rt7M_tl.a: [4]
    ABImemclr4.o                  6
    ABImemcpy.o                 166
    ABImemset48.o                50
    I64DivMod.o                 560
    I64DivZer.o                   2
    cexit.o                      10
    cmain.o                      30
    cstartup_M.o                 12
    data_init.o                  40
    lz77_init_single.o          122
    memchr.o                     88
    strchr.o                     22
    strcmp.o                     74
    strcpy.o                     76
    strlen.o                     54
    zero_init3.o                 58
    -------------------------------------------------
    Total:                    1 370

shb_l.a: [5]
    ABIassert.o                  36
    exit.o                       20
    -------------------------------------------------
    Total:                       56

    Gaps                         44        2
    Linker created                        32    1 536
-----------------------------------------------------
    Grand Total:             29 374      135    3 764


*******************************************************************************
*** ENTRY LIST
***

Entry                       Address   Size  Type      Object
-----                       -------   ----  ----      ------
.iar.init_table$$Base    0x800'7150          --   Gb  - Linker created -
.iar.init_table$$Limit   0x800'7170          --   Gb  - Linker created -
?main                    0x800'7171         Code  Gb  cmain.o [4]
AHBPrescTable            0x800'70a0   0x10  Data  Gb  system_stm32f4xx.o [1]
APBPrescTable            0x800'71c0    0x8  Data  Gb  system_stm32f4xx.o [1]
ASM330_GetRegisterValue
                         0x800'42af   0x48  Code  Gb  ASM330.o [1]
ASM330_Init              0x800'4243   0x56  Code  Gb  ASM330.o [1]
ASM330_ParityBit         0x800'4215   0x2e  Code  Gb  ASM330.o [1]
BusFault_Handler         0x800'70b7    0x2  Code  Gb  stm32f4xx_it.o [1]
CAN1_RX0_IRQHandler      0x800'70d1    0x2  Code  Gb  stm32f4xx_it.o [1]
CAN1_RX1_IRQHandler      0x800'70d5    0x2  Code  Gb  stm32f4xx_it.o [1]
CAN1_SCE_IRQHandler      0x800'70dd    0x2  Code  Gb  stm32f4xx_it.o [1]
CMD_USART               0x2000'02d0   0x40  Data  Gb  cmd.o [1]
CSTACK$$Base            0x2000'08b8          --   Gb  - Linker created -
CSTACK$$Limit           0x2000'0cb8          --   Gb  - Linker created -
CacheMore                0x800'2181   0x24  Code  Lc  xlocale_c.o [2]
DMA1_Stream5_IRQHandler
                         0x800'70c5    0x6  Code  Gb  stm32f4xx_it.o [1]
DMA1_Stream6_IRQHandler
                         0x800'70cb    0x6  Code  Gb  stm32f4xx_it.o [1]
DMAUSART_RX_BUF         0x2000'04a0   0x64  Data  Gb  cmd.o [1]
DMA_CalcBaseAndBitshift
                         0x800'654d   0x26  Code  Lc  stm32f4xx_hal_dma.o [1]
DMA_CalcBaseAndBitshift::flagBitshiftOffset
                         0x800'6574    0x8  Data  Lc  stm32f4xx_hal_dma.o [1]
DMA_RxOK_Flag           0x2000'0310    0x4  Data  Gb  cmd.o [1]
DMA_SetConfig            0x800'652d   0x20  Code  Lc  stm32f4xx_hal_dma.o [1]
DMAaRxBuffer            0x2000'0314   0x64  Data  Gb  cmd.o [1]
DebugMon_Handler         0x800'70bd    0x2  Code  Gb  stm32f4xx_it.o [1]
Error_Handler            0x800'388d    0x2  Code  Gb  main.o [1]
HAL_CAN_ActivateNotification
                         0x800'5437   0x16  Code  Gb  stm32f4xx_hal_can.o [1]
HAL_CAN_AddTxMessage     0x800'5269   0xc4  Code  Gb  stm32f4xx_hal_can.o [1]
HAL_CAN_ConfigFilter     0x800'511b   0xc0  Code  Gb  stm32f4xx_hal_can.o [1]
HAL_CAN_GetRxMessage     0x800'533f   0xe4  Code  Gb  stm32f4xx_hal_can.o [1]
HAL_CAN_IRQHandler       0x800'5453  0x1f8  Code  Gb  stm32f4xx_hal_can.o [1]
HAL_CAN_Init             0x800'502d   0xe6  Code  Gb  stm32f4xx_hal_can.o [1]
HAL_CAN_MspInit          0x800'3c2b   0x96  Code  Gb  can.o [1]
HAL_CAN_RxFifo0FullCallback
                         0x800'6a25    0x2  Code  Gb  can_utils.o [1]
HAL_CAN_RxFifo0MsgPendingCallback
                         0x800'69cd   0x24  Code  Gb  can_utils.o [1]
HAL_CAN_Start            0x800'51ed   0x4c  Code  Gb  stm32f4xx_hal_can.o [1]
HAL_DMA_Abort_IT         0x800'6357   0x24  Code  Gb  stm32f4xx_hal_dma.o [1]
HAL_DMA_IRQHandler       0x800'637b  0x192  Code  Gb  stm32f4xx_hal_dma.o [1]
HAL_DMA_Init             0x800'61fd   0xee  Code  Gb  stm32f4xx_hal_dma.o [1]
HAL_DMA_Start_IT         0x800'62eb   0x6c  Code  Gb  stm32f4xx_hal_dma.o [1]
HAL_Delay                0x800'657d   0x28  Code  Wk  stm32f4xx_hal.o [1]
HAL_GPIO_Init            0x800'38e1  0x1a4  Code  Gb  stm32f4xx_hal_gpio.o [1]
HAL_GPIO_WritePin        0x800'3a85    0x8  Code  Gb  stm32f4xx_hal_gpio.o [1]
HAL_GetTick              0x800'36d9    0xc  Code  Wk  stm32f4xx_hal.o [1]
HAL_I2C_Init             0x800'564d  0x118  Code  Gb  stm32f4xx_hal_i2c.o [1]
HAL_I2C_MspInit          0x800'3d01   0x9a  Code  Gb  i2c.o [1]
HAL_IncTick              0x800'70f5   0x10  Code  Wk  stm32f4xx_hal.o [1]
HAL_Init                 0x800'3ab9   0x30  Code  Gb  stm32f4xx_hal.o [1]
HAL_InitTick             0x800'4fb5   0x40  Code  Wk  stm32f4xx_hal.o [1]
HAL_MspInit              0x800'4ff5   0x38  Code  Gb  stm32f4xx_hal_msp.o [1]
HAL_NVIC_EnableIRQ       0x800'4f5f   0x16  Code  Gb  stm32f4xx_hal_cortex.o [1]
HAL_NVIC_SetPriority     0x800'4f25   0x3a  Code  Gb  stm32f4xx_hal_cortex.o [1]
HAL_NVIC_SetPriorityGrouping
                         0x800'4f0b   0x1a  Code  Gb  stm32f4xx_hal_cortex.o [1]
HAL_RCC_ClockConfig      0x800'4d15   0xfe  Code  Gb  stm32f4xx_hal_rcc.o [1]
HAL_RCC_GetPCLK1Freq     0x800'4e1f   0x10  Code  Gb  stm32f4xx_hal_rcc.o [1]
HAL_RCC_GetPCLK2Freq     0x800'4e2f    0xe  Code  Gb  stm32f4xx_hal_rcc.o [1]
HAL_RCC_OscConfig        0x800'4a1d  0x2f8  Code  Wk  stm32f4xx_hal_rcc.o [1]
HAL_SPI_Init             0x800'2ef5   0x76  Code  Gb  stm32f4xx_hal_spi.o [1]
HAL_SPI_MspInit          0x800'3589  0x116  Code  Gb  spi.o [1]
HAL_SPI_Receive          0x800'3091  0x130  Code  Gb  stm32f4xx_hal_spi.o [1]
HAL_SPI_Transmit         0x800'2f6b  0x126  Code  Gb  stm32f4xx_hal_spi.o [1]
HAL_SPI_TransmitReceive
                         0x800'31cd  0x1a6  Code  Gb  stm32f4xx_hal_spi.o [1]
HAL_SYSTICK_Config       0x800'4f75   0x28  Code  Gb  stm32f4xx_hal_cortex.o [1]
HAL_TIMEx_MasterConfigSynchronization
                         0x800'5bcd   0x3e  Code  Gb  stm32f4xx_hal_tim_ex.o [1]
HAL_TIM_Encoder_Init     0x800'57c7   0x8c  Code  Gb  stm32f4xx_hal_tim.o [1]
HAL_TIM_Encoder_MspInit
                         0x800'3ec3   0x8a  Code  Gb  tim.o [1]
HAL_TIM_Encoder_Start    0x800'5853   0x1e  Code  Gb  stm32f4xx_hal_tim.o [1]
HAL_TIM_MspPostInit      0x800'3fbd   0x36  Code  Gb  tim.o [1]
HAL_TIM_PWM_ConfigChannel
                         0x800'5895   0xbc  Code  Gb  stm32f4xx_hal_tim.o [1]
HAL_TIM_PWM_Init         0x800'579d   0x1a  Code  Gb  stm32f4xx_hal_tim.o [1]
HAL_TIM_PWM_MspInit      0x800'3f59   0x4e  Code  Gb  tim.o [1]
HAL_UART_IRQHandler      0x800'5d99  0x14e  Code  Gb  stm32f4xx_hal_uart.o [1]
HAL_UART_Init            0x800'5c0d   0x1e  Code  Gb  stm32f4xx_hal_uart.o [1]
HAL_UART_MspInit         0x800'4077   0xec  Code  Gb  usart.o [1]
HAL_UART_Receive_DMA     0x800'5cfb   0x92  Code  Gb  stm32f4xx_hal_uart.o [1]
HAL_UART_Transmit_DMA    0x800'5c83   0x78  Code  Gb  stm32f4xx_hal_uart.o [1]
HCAN                    0x2000'0860   0x28  Data  Gb  can_utils.o [1]
HEAP$$Base              0x2000'0cb8          --   Gb  - Linker created -
HEAP$$Limit             0x2000'0eb8          --   Gb  - Linker created -
HardFault_Handler        0x800'70b3    0x2  Code  Gb  stm32f4xx_it.o [1]
HashTable_create         0x800'65d7   0x42  Code  Gb  hash.o [1]
HashTable_get            0x800'66b1   0x54  Code  Gb  hash.o [1]
HashTable_insert         0x800'6619   0x80  Code  Gb  hash.o [1]
HashTable_map            0x800'6711   0x6c  Code  Gb  hash.o [1]
LoadInt                  0x800'138b   0x7a  Code  Lc  xprintffull.o [2]
MX_CAN1_Init             0x800'3c01   0x2a  Code  Gb  can.o [1]
MX_DMA_Init              0x800'3bbd   0x44  Code  Gb  dma.o [1]
MX_GPIO_Init             0x800'3aed   0xc0  Code  Gb  gpio.o [1]
MX_I2C3_Init             0x800'3cd1   0x30  Code  Gb  i2c.o [1]
MX_SPI1_Init             0x800'3529   0x10  Code  Gb  spi.o [1]
MX_SPI2_Init             0x800'3539   0x10  Code  Gb  spi.o [1]
MX_SPI3_Init             0x800'3579   0x10  Code  Gb  spi.o [1]
MX_TIM2_Init             0x800'3db5   0x16  Code  Gb  tim.o [1]
MX_TIM3_Init             0x800'3dcd   0x8c  Code  Gb  tim.o [1]
MX_TIM4_Init             0x800'3e61   0x12  Code  Gb  tim.o [1]
MX_USART2_UART_Init      0x800'4049   0x2e  Code  Gb  usart.o [1]
MemManage_Handler        0x800'70b5    0x2  Code  Gb  stm32f4xx_it.o [1]
NMI_Handler              0x800'70b1    0x2  Code  Gb  stm32f4xx_it.o [1]
PendSV_Handler           0x800'70bf    0x2  Code  Gb  stm32f4xx_it.o [1]
Region$$Table$$Base      0x800'7150          --   Gb  - Linker created -
Region$$Table$$Limit     0x800'7170          --   Gb  - Linker created -
RxHeader                0x2000'056c   0x1c  Data  Gb  can_utils.o [1]
SPI_EndRxTransaction     0x800'3473   0x50  Code  Lc  stm32f4xx_hal_spi.o [1]
SPI_EndRxTxTransaction   0x800'34c3   0x50  Code  Lc  stm32f4xx_hal_spi.o [1]
SPI_Read                 0x800'417d   0x3a  Code  Gb  ASM330.o [1]
SPI_WaitFlagStateUntilTimeout
                         0x800'33dd   0x8a  Code  Lc  stm32f4xx_hal_spi.o [1]
SPI_Write                0x800'41b9   0x22  Code  Gb  ASM330.o [1]
SVC_Handler              0x800'70bb    0x2  Code  Gb  stm32f4xx_it.o [1]
SysTick_Handler          0x800'70c1    0x4  Code  Gb  stm32f4xx_it.o [1]
SystemClock_Config       0x800'37e3   0x92  Code  Gb  main.o [1]
SystemCoreClock         0x2000'0074    0x4  Data  Gb  system_stm32f4xx.o [1]
SystemInit               0x800'7051   0x3a  Code  Gb  system_stm32f4xx.o [1]
TIM_Base_SetConfig       0x800'5991   0x96  Code  Gb  stm32f4xx_hal_tim.o [1]
TIM_CCxChannelCmd        0x800'5bb1   0x16  Code  Gb  stm32f4xx_hal_tim.o [1]
TIM_OC1_SetConfig        0x800'5a27   0x58  Code  Lc  stm32f4xx_hal_tim.o [1]
TIM_OC2_SetConfig        0x800'5a7f   0x60  Code  Gb  stm32f4xx_hal_tim.o [1]
TIM_OC3_SetConfig        0x800'5adf   0x5e  Code  Lc  stm32f4xx_hal_tim.o [1]
TIM_OC4_SetConfig        0x800'5b3d   0x46  Code  Lc  stm32f4xx_hal_tim.o [1]
TxHeader                0x2000'0538   0x18  Data  Gb  can_utils.o [1]
TxMailbox               0x2000'0590    0x4  Data  Gb  can_utils.o [1]
UART_DMAAbortOnError     0x800'5fd5    0xc  Code  Lc  stm32f4xx_hal_uart.o [1]
UART_DMAError            0x800'5f5d   0x4a  Code  Lc  stm32f4xx_hal_uart.o [1]
UART_DMAReceiveCplt      0x800'5f1d   0x38  Code  Lc  stm32f4xx_hal_uart.o [1]
UART_DMARxHalfCplt       0x800'5f55    0x6  Code  Lc  stm32f4xx_hal_uart.o [1]
UART_DMATransmitCplt     0x800'5ee9   0x2a  Code  Lc  stm32f4xx_hal_uart.o [1]
UART_DMATxHalfCplt       0x800'5f15    0x6  Code  Lc  stm32f4xx_hal_uart.o [1]
UART_EndRxTransfer       0x800'5fb9   0x1c  Code  Lc  stm32f4xx_hal_uart.o [1]
UART_EndTxTransfer       0x800'5fa7   0x12  Code  Lc  stm32f4xx_hal_uart.o [1]
UART_Receive_IT          0x800'5fe1   0x92  Code  Lc  stm32f4xx_hal_uart.o [1]
UART_SetConfig           0x800'6073  0x13e  Code  Lc  stm32f4xx_hal_uart.o [1]
USART2_IRQHandler        0x800'70df    0x6  Code  Gb  stm32f4xx_it.o [1]
UsageFault_Handler       0x800'70b9    0x2  Code  Gb  stm32f4xx_it.o [1]
_Encoding_8859_1_Mbrlen
                         0x800'221d    0x2  Code  Gb  xencoding_8859_1.o [2]
_Encoding_8859_1_Wctomb
                         0x800'220b   0x12  Code  Gb  xencoding_8859_1.o [2]
_GenldFull               0x800'1e1d  0x274  Code  Lc  xprintffull.o [2]
_LdtobFull               0x800'19f1  0x400  Code  Lc  xprintffull.o [2]
_LitobFull               0x800'1899  0x112  Code  Lc  xprintffull.o [2]
_Locale_lconv           0x2000'0078   0x38  Data  Lc  xlocale_c.o [2]
_PrintfFull              0x800'11c9  0x1aa  Code  Gb  xprintffull.o [2]
_PutcharsFull            0x800'2091   0x2e  Code  Lc  xprintffull.o [2]
_PutfldFull              0x800'1405  0x2d8  Code  Lc  xprintffull.o [2]
_PutstrFull              0x800'17d3   0xc6  Code  Lc  xprintffull.o [2]
_PuttxtFull              0x800'16dd   0xf6  Code  Lc  xprintffull.o [2]
_SNProut                 0x800'229f   0x1a  Code  Gb  xsnprout.o [2]
_Strtok_ssave           0x2000'08a8    0x4  Data  Lc  strtok.o [2]
__NVIC_SetPriority       0x800'4ef1   0x1a  Code  Lc  stm32f4xx_hal_cortex.o [1]
__aeabi_assert           0x800'6b9d   0x24  Code  Gb  ABIassert.o [5]
__aeabi_cdcmple          0x800'2809         Code  Gb  DblCmpLe.o [3]
__aeabi_cdrcmple         0x800'2839         Code  Gb  DblCmpGe.o [3]
__aeabi_d2f              0x800'6b15         Code  Gb  DblToFlt.o [3]
__aeabi_d2iz             0x800'29a5         Code  Gb  DblToS32.o [3]
__aeabi_d2uiz            0x800'2d31         Code  Gb  DblToU32.o [3]
__aeabi_dadd             0x800'2d79         Code  Gb  DblAdd.o [3]
__aeabi_ddiv             0x800'2ae9         Code  Gb  DblDiv.o [3]
__aeabi_dmul             0x800'25f5         Code  Gb  DblMul.o [3]
__aeabi_dsub             0x800'2a05         Code  Gb  DblSub.o [3]
__aeabi_f2d              0x800'49d5         Code  Gb  FltToDbl.o [3]
__aeabi_i2d              0x800'29e1         Code  Gb  S32ToDbl.o [3]
__aeabi_ldiv0            0x800'2d75         Code  Gb  I64DivZer.o [4]
__aeabi_memclr4          0x800'38d9         Code  Gb  ABImemclr4.o [4]
__aeabi_memcpy           0x800'231d         Code  Gb  ABImemcpy.o [4]
__aeabi_memcpy4          0x800'233d         Code  Gb  ABImemcpy.o [4]
__aeabi_memcpy8          0x800'233d         Code  Gb  ABImemcpy.o [4]
__aeabi_ui2d             0x800'2d59         Code  Gb  U32ToDbl.o [3]
__aeabi_uldivmod         0x800'23c5         Code  Gb  I64DivMod.o [4]
__cmain                  0x800'7171         Code  Gb  cmain.o [4]
__data_GetMemChunk       0x800'1189   0x2c  Code  Gb  xgetmemchunk.o [2]
__data_GetMemChunk::start
                        0x2000'08b0    0x4  Data  Lc  xgetmemchunk.o [2]
__exit                   0x800'11b5   0x14  Code  Gb  exit.o [5]
__iar_Fail_s             0x800'2229   0x1c  Code  Gb  xfail_s.o [2]
__iar_Mbcurmax           0x800'2311    0xa  Code  Gb  xmbcurmax.o [2]
__iar_Memchr             0x800'22b9         Code  Gb  memchr.o [4]
__iar_Memset4_word       0x800'4ebd         Code  Gb  ABImemset48.o [4]
__iar_Memset8_word       0x800'4ebd         Code  Gb  ABImemset48.o [4]
__iar_Sin64              0x800'6c05  0x3b2  Code  Lc  cos_sin64.o [3]
__iar_Strchr             0x800'21f5         Code  Gb  strchr.o [4]
__iar_cos64              0x800'7049    0x4  Code  Gb  cos_sin64.o [3]
__iar_cos_medium         0x800'7049    0x4  Code  Gb  cos_sin64.o [3]
__iar_cos_medium64       0x800'7049    0x4  Code  Gb  cos_sin64.o [3]
__iar_cos_mediuml        0x800'7049    0x4  Code  Gb  cos_sin64.o [3]
__iar_dadd               0x800'2a15         Code  Gb  DblSub.o [3]
__iar_data_init3         0x800'7105   0x28  Code  Gb  data_init.o [4]
__iar_dlmalloc           0x800'0e4d  0x2b6  Code  Gb  dlmalloc.o [2]
__iar_dsub               0x800'2d89         Code  Gb  DblAdd.o [3]
__iar_dsubStart          0x800'2d9b         Code  Gb  DblAdd.o [3]
__iar_frexp              0x800'27a5         Code  Gb  frexp.o [3]
__iar_frexpl             0x800'27a5         Code  Gb  frexp.o [3]
__iar_globLocale        0x2000'00b0   0x48  Data  Lc  xlocale_c.o [2]
__iar_global_Locale      0x800'217d    0x4  Code  Gb  xlocale_c.o [2]
__iar_init_vfp           0x800'712d         Code  Gb  fpinit_M.o [3]
__iar_ldexp64            0x800'2869         Code  Gb  ldexp.o [3]
__iar_lz77_init_single3
                         0x800'110f   0x7a  Code  Gb  lz77_init_single.o [4]
__iar_program_start      0x800'71b5         Code  Gb  cstartup_M.o [4]
__iar_scalbln64          0x800'2869         Code  Gb  ldexp.o [3]
__iar_scalbn64           0x800'2869         Code  Gb  ldexp.o [3]
__iar_sin64              0x800'704d    0x4  Code  Gb  cos_sin64.o [3]
__iar_sin_medium         0x800'704d    0x4  Code  Gb  cos_sin64.o [3]
__iar_sin_medium64       0x800'704d    0x4  Code  Gb  cos_sin64.o [3]
__iar_sin_mediuml        0x800'704d    0x4  Code  Gb  cos_sin64.o [3]
__iar_softfp___iar_frexp64
                         0x800'2799         Code  Gb  frexp.o [3]
__iar_softfp_frexp       0x800'2799         Code  Gb  frexp.o [3]
__iar_softfp_frexpl      0x800'2799         Code  Gb  frexp.o [3]
__iar_vfp_cos            0x800'6afb    0xc  Code  Gb  math_wrappers64.o [3]
__iar_vfp_sin            0x800'6b07    0xc  Code  Gb  math_wrappers64.o [3]
__iar_zero_init3         0x800'2143   0x3a  Code  Gb  zero_init3.o [4]
__low_level_init         0x800'718f    0x4  Code  Gb  low_level_init.o [2]
__vector_table           0x800'0000         Data  Gb  startup_stm32f405xx.o [1]
_call_main               0x800'717d         Code  Gb  cmain.o [4]
_cmd_help                0x800'4539    0xc  Code  Lc  cmd.o [1]
_exit                    0x800'7199         Code  Gb  cexit.o [4]
_gLocale_mblen           0x800'21e1    0x4  Code  Gb  xlocale_c.o [2]
_gLocale_mblenInt        0x800'21a5   0x2c  Code  Gb  xlocale_c.o [2]
_gLocale_wctomb          0x800'21e5    0x4  Code  Gb  xlocale_c.o [2]
_gLocale_wctombInt       0x800'21dd    0x4  Code  Gb  xlocale_c.o [2]
_gm_                    0x2000'00f8  0x1d8  Data  Lc  dlmalloc.o [2]
_main                    0x800'718b         Code  Gb  cmain.o [4]
abort                    0x800'1109    0x6  Code  Gb  abort.o [2]
add_segment              0x800'0551  0x1f2  Code  Lc  dlmalloc.o [2]
buffer_count            0x2000'0504    0x4  Data  Gb  cmd.o [1]
calcul_XY                0x800'475d  0x1f2  Code  Gb  calculate.o [1]
calcul_dx                0x800'469d   0x38  Code  Gb  calculate.o [1]
calcul_dy                0x800'46d5   0x36  Code  Gb  calculate.o [1]
can_callback_add         0x800'6991   0x1e  Code  Gb  can_utils.o [1]
can_callback_table      0x2000'058c    0x4  Data  Lc  can_utils.o [1]
can_exc_callback         0x800'69af   0x1e  Code  Gb  can_utils.o [1]
can_exc_callback_flag   0x2000'0568    0x4  Data  Gb  can_utils.o [1]
can_func_init            0x800'6ad5    0xa  Code  Gb  can_func.o [1]
can_init                 0x800'6909   0x88  Code  Gb  can_utils.o [1]
can_rx_data             0x2000'0550    0x8  Data  Gb  can_utils.o [1]
can_send_test            0x800'69f1   0x2a  Code  Gb  can_utils.o [1]
can_suc_rx               0x800'6ae1    0x6  Code  Gb  can_func.o [1]
can_tx_data             0x2000'0558    0x8  Data  Gb  can_utils.o [1]
cmd_add                  0x800'443d   0x52  Code  Gb  cmd.o [1]
cmd_argv                0x2000'0508   0x30  Data  Gb  cmd.o [1]
cmd_can_test             0x800'6a79   0x12  Code  Gb  cmd_func.o [1]
cmd_exec                 0x800'43f5   0x2a  Code  Gb  cmd.o [1]
cmd_func_init            0x800'6a49   0x26  Code  Gb  cmd_func.o [1]
cmd_hello_func           0x800'6a71    0x6  Code  Gb  cmd_func.o [1]
cmd_help_func            0x800'4421   0x1c  Code  Gb  cmd.o [1]
cmd_init                 0x800'4379   0x28  Code  Gb  cmd.o [1]
cmd_parse                0x800'43c9   0x2c  Code  Gb  cmd.o [1]
cmd_table               0x2000'08a0    0x4  Data  Lc  cmd.o [1]
cmpAtom                  0x800'65a5    0xc  Code  Lc  hash.o [1]
cos                      0x800'7049    0x4  Code  Gb  cos_sin64.o [3]
cosl                     0x800'7049    0x4  Code  Gb  cos_sin64.o [3]
encoder                 0x2000'0044   0x10  Data  Gb  main.o [1]
encoderX_dir            0x2000'0000    0x4  Data  Gb  calculate.o [1]
encoderY_dir            0x2000'0004    0x4  Data  Gb  calculate.o [1]
encoder_init             0x800'4309   0x30  Code  Gb  encoder.o [1]
exit                     0x800'7193    0x4  Code  Gb  exit.o [2]
flag                    0x2000'0054    0xc  Data  Gb  main.o [1]
flag_init                0x800'36e5    0xc  Code  Gb  main.o [1]
flash_data              0x2000'06f0   0x48  Data  Gb  flash.o [1]
freeKeyAtom              0x800'65b5    0x2  Code  Lc  hash.o [1]
hashAtom                 0x800'65b1    0x4  Code  Lc  hash.o [1]
hashStr                  0x800'65b7   0x20  Code  Gb  hash.o [1]
hash_id                  0x800'6a29    0x4  Code  Lc  can_utils.o [1]
hcan1                   0x2000'0838   0x28  Data  Gb  can.o [1]
hdma_usart2_rx          0x2000'03e0   0x60  Data  Gb  usart.o [1]
hdma_usart2_tx          0x2000'0440   0x60  Data  Gb  usart.o [1]
hi2c3                   0x2000'069c   0x54  Data  Gb  i2c.o [1]
hspi1                   0x2000'0594   0x58  Data  Gb  spi.o [1]
hspi2                   0x2000'05ec   0x58  Data  Gb  spi.o [1]
hspi3                   0x2000'0644   0x58  Data  Gb  spi.o [1]
htim2                   0x2000'0738   0x40  Data  Gb  tim.o [1]
htim3                   0x2000'0778   0x40  Data  Gb  tim.o [1]
htim4                   0x2000'07b8   0x40  Data  Gb  tim.o [1]
huart2                  0x2000'07f8   0x40  Data  Gb  usart.o [1]
id_cmp                   0x800'6a2d   0x10  Code  Lc  can_utils.o [1]
init_mparams             0x800'01a3   0x32  Code  Lc  dlmalloc.o [2]
init_top                 0x800'01d5   0x36  Code  Lc  dlmalloc.o [2]
inputangle              0x2000'08a4    0x4  Data  Gb  main.o [1]
k1                      0x2000'0010    0x4  Data  Gb  calculate.o [1]
k2                      0x2000'0014    0x4  Data  Gb  calculate.o [1]
k3                      0x2000'0008    0x4  Data  Gb  calculate.o [1]
k4                      0x2000'000c    0x4  Data  Gb  calculate.o [1]
ldexp                    0x800'2869         Code  Gb  ldexp.o [3]
ldexpl                   0x800'2869         Code  Gb  ldexp.o [3]
load_prams               0x800'45ed   0x76  Code  Gb  flash.o [1]
localeconv               0x800'21e9    0x4  Code  Gb  xlocale_c.o [2]
main                     0x800'36f1   0xf2  Code  Gb  main.o [1]
memchr                   0x800'22b9         Code  Gb  memchr.o [4]
mparams                 0x2000'0888   0x18  Data  Lc  dlmalloc.o [2]
prepend_alloc            0x800'020b  0x346  Code  Lc  dlmalloc.o [2]
print_buffer            0x2000'0378   0x68  Data  Gb  cmd.o [1]
rx_buffer               0x2000'0560    0x8  Data  Lc  can_utils.o [1]
rx_id                   0x2000'0588    0x4  Data  Lc  can_utils.o [1]
s                       0x2000'0018   0x18  Data  Lc  cmd.o [1]
scalbln                  0x800'2869         Code  Gb  ldexp.o [3]
scalblnl                 0x800'2869         Code  Gb  ldexp.o [3]
scalbn                   0x800'2869         Code  Gb  ldexp.o [3]
scalbnl                  0x800'2869         Code  Gb  ldexp.o [3]
scale                    0x800'19ab   0x46  Code  Lc  xprintffull.o [2]
sec_hand                0x2000'08ac    0x4  Data  Lc  xfail_s.o [2]
segment_holding          0x800'0189   0x1a  Code  Lc  dlmalloc.o [2]
send_wave                0x800'44cf   0x44  Code  Gb  cmd.o [1]
simplelib_init           0x800'4589   0x22  Code  Gb  simplelib.o [1]
simplelib_run            0x800'45ab   0x20  Code  Gb  simplelib.o [1]
sin                      0x800'704d    0x4  Code  Gb  cos_sin64.o [3]
sinl                     0x800'704d    0x4  Code  Gb  cos_sin64.o [3]
str_cmp                  0x800'4529    0xe  Code  Lc  cmd.o [1]
strchr                   0x800'21f5         Code  Gb  strchr.o [4]
strcmp                   0x800'68bd         Code  Gb  strcmp.o [4]
strcpy                   0x800'6835         Code  Gb  strcpy.o [4]
strcspn                  0x800'6be3   0x22  Code  Gb  strcspn.o [2]
strlen                   0x800'2269         Code  Gb  strlen.o [4]
strspn                   0x800'6bc1   0x22  Code  Gb  strspn.o [2]
strtok                   0x800'67e9   0x4c  Code  Gb  strtok.o [2]
sys_alloc                0x800'0749  0x164  Code  Lc  dlmalloc.o [2]
time                    0x2000'0064    0x4  Data  Gb  main.o [1]
time_ms                 0x2000'0060    0x4  Data  Lc  main.o [1]
tmalloc_large            0x800'08b9  0x386  Code  Lc  dlmalloc.o [2]
tmalloc_small            0x800'0c3f  0x200  Code  Lc  dlmalloc.o [2]
triangle                0x2000'0030   0x14  Data  Gb  main.o [1]
uprintf                  0x800'448f   0x40  Code  Gb  cmd.o [1]
usart_DMA_init           0x800'434d   0x2a  Code  Gb  cmd.o [1]
usart_exc_DMA            0x800'43a1   0x28  Code  Gb  cmd.o [1]
uwTick                  0x2000'006c    0x4  Data  Gb  stm32f4xx_hal.o [1]
uwTickFreq              0x2000'0068    0x1  Data  Gb  stm32f4xx_hal.o [1]
uwTickPrio              0x2000'0070    0x4  Data  Gb  stm32f4xx_hal.o [1]
vsnprintf                0x800'6881   0x3c  Code  Gb  vsnprint.o [2]


[1] = E:\ROBOCON------VALLUE\NEW_POS_19\EWARM\NEW_POS_19\Obj
[2] = dl7M_tlf.a
[3] = m7M_tls.a
[4] = rt7M_tl.a
[5] = shb_l.a

  29 374 bytes of readonly  code memory
     135 bytes of readonly  data memory
   3 764 bytes of readwrite data memory

Errors: none
Warnings: none
